Archive member included to satisfy reference by file (symbol)

/opt/Atollic_TrueSTUDIO_for_STM32_x86_64_9.3.0/ARMTools/bin/../lib/gcc/arm-atollic-eabi/6.3.1/../../../../arm-atollic-eabi/lib/armv7e-m/fpu/libc_nano.a(lib_a-atoi.o)
                              Middlewares/Third_Party/LwIP/src/api/netdb.o (atoi)
/opt/Atollic_TrueSTUDIO_for_STM32_x86_64_9.3.0/ARMTools/bin/../lib/gcc/arm-atollic-eabi/6.3.1/../../../../arm-atollic-eabi/lib/armv7e-m/fpu/libc_nano.a(lib_a-init.o)
                              startup/startup_stm32f429xx.o (__libc_init_array)
/opt/Atollic_TrueSTUDIO_for_STM32_x86_64_9.3.0/ARMTools/bin/../lib/gcc/arm-atollic-eabi/6.3.1/../../../../arm-atollic-eabi/lib/armv7e-m/fpu/libc_nano.a(lib_a-memcmp.o)
                              Middlewares/Third_Party/LwIP/src/netif/ethernet.o (memcmp)
/opt/Atollic_TrueSTUDIO_for_STM32_x86_64_9.3.0/ARMTools/bin/../lib/gcc/arm-atollic-eabi/6.3.1/../../../../arm-atollic-eabi/lib/armv7e-m/fpu/libc_nano.a(lib_a-memcpy-stub.o)
                              LWIP/Target/ethernetif.o (memcpy)
/opt/Atollic_TrueSTUDIO_for_STM32_x86_64_9.3.0/ARMTools/bin/../lib/gcc/arm-atollic-eabi/6.3.1/../../../../arm-atollic-eabi/lib/armv7e-m/fpu/libc_nano.a(lib_a-memset.o)
                              Core/Src/main.o (memset)
/opt/Atollic_TrueSTUDIO_for_STM32_x86_64_9.3.0/ARMTools/bin/../lib/gcc/arm-atollic-eabi/6.3.1/../../../../arm-atollic-eabi/lib/armv7e-m/fpu/libc_nano.a(lib_a-printf.o)
                              Core/Src/tcp_client.o (printf)
/opt/Atollic_TrueSTUDIO_for_STM32_x86_64_9.3.0/ARMTools/bin/../lib/gcc/arm-atollic-eabi/6.3.1/../../../../arm-atollic-eabi/lib/armv7e-m/fpu/libc_nano.a(lib_a-puts.o)
                              Core/Src/main.o (puts)
/opt/Atollic_TrueSTUDIO_for_STM32_x86_64_9.3.0/ARMTools/bin/../lib/gcc/arm-atollic-eabi/6.3.1/../../../../arm-atollic-eabi/lib/armv7e-m/fpu/libc_nano.a(lib_a-rand.o)
                              Middlewares/Third_Party/LwIP/src/core/dns.o (rand)
/opt/Atollic_TrueSTUDIO_for_STM32_x86_64_9.3.0/ARMTools/bin/../lib/gcc/arm-atollic-eabi/6.3.1/../../../../arm-atollic-eabi/lib/armv7e-m/fpu/libc_nano.a(lib_a-strlen.o)
                              Middlewares/Third_Party/LwIP/src/api/netdb.o (strlen)
/opt/Atollic_TrueSTUDIO_for_STM32_x86_64_9.3.0/ARMTools/bin/../lib/gcc/arm-atollic-eabi/6.3.1/../../../../arm-atollic-eabi/lib/armv7e-m/fpu/libc_nano.a(lib_a-strncmp.o)
                              Middlewares/Third_Party/LwIP/src/core/def.o (strncmp)
/opt/Atollic_TrueSTUDIO_for_STM32_x86_64_9.3.0/ARMTools/bin/../lib/gcc/arm-atollic-eabi/6.3.1/../../../../arm-atollic-eabi/lib/armv7e-m/fpu/libc_nano.a(lib_a-strncpy.o)
                              Middlewares/Third_Party/LwIP/src/api/netdb.o (strncpy)
/opt/Atollic_TrueSTUDIO_for_STM32_x86_64_9.3.0/ARMTools/bin/../lib/gcc/arm-atollic-eabi/6.3.1/../../../../arm-atollic-eabi/lib/armv7e-m/fpu/libc_nano.a(lib_a-strtol.o)
                              /opt/Atollic_TrueSTUDIO_for_STM32_x86_64_9.3.0/ARMTools/bin/../lib/gcc/arm-atollic-eabi/6.3.1/../../../../arm-atollic-eabi/lib/armv7e-m/fpu/libc_nano.a(lib_a-atoi.o) (_strtol_r)
/opt/Atollic_TrueSTUDIO_for_STM32_x86_64_9.3.0/ARMTools/bin/../lib/gcc/arm-atollic-eabi/6.3.1/../../../../arm-atollic-eabi/lib/armv7e-m/fpu/libc_nano.a(lib_a-wbuf.o)
                              /opt/Atollic_TrueSTUDIO_for_STM32_x86_64_9.3.0/ARMTools/bin/../lib/gcc/arm-atollic-eabi/6.3.1/../../../../arm-atollic-eabi/lib/armv7e-m/fpu/libc_nano.a(lib_a-puts.o) (__swbuf_r)
/opt/Atollic_TrueSTUDIO_for_STM32_x86_64_9.3.0/ARMTools/bin/../lib/gcc/arm-atollic-eabi/6.3.1/../../../../arm-atollic-eabi/lib/armv7e-m/fpu/libc_nano.a(lib_a-wsetup.o)
                              /opt/Atollic_TrueSTUDIO_for_STM32_x86_64_9.3.0/ARMTools/bin/../lib/gcc/arm-atollic-eabi/6.3.1/../../../../arm-atollic-eabi/lib/armv7e-m/fpu/libc_nano.a(lib_a-puts.o) (__swsetup_r)
/opt/Atollic_TrueSTUDIO_for_STM32_x86_64_9.3.0/ARMTools/bin/../lib/gcc/arm-atollic-eabi/6.3.1/../../../../arm-atollic-eabi/lib/armv7e-m/fpu/libc_nano.a(lib_a-fflush.o)
                              /opt/Atollic_TrueSTUDIO_for_STM32_x86_64_9.3.0/ARMTools/bin/../lib/gcc/arm-atollic-eabi/6.3.1/../../../../arm-atollic-eabi/lib/armv7e-m/fpu/libc_nano.a(lib_a-wbuf.o) (_fflush_r)
/opt/Atollic_TrueSTUDIO_for_STM32_x86_64_9.3.0/ARMTools/bin/../lib/gcc/arm-atollic-eabi/6.3.1/../../../../arm-atollic-eabi/lib/armv7e-m/fpu/libc_nano.a(lib_a-findfp.o)
                              /opt/Atollic_TrueSTUDIO_for_STM32_x86_64_9.3.0/ARMTools/bin/../lib/gcc/arm-atollic-eabi/6.3.1/../../../../arm-atollic-eabi/lib/armv7e-m/fpu/libc_nano.a(lib_a-printf.o) (__sinit)
/opt/Atollic_TrueSTUDIO_for_STM32_x86_64_9.3.0/ARMTools/bin/../lib/gcc/arm-atollic-eabi/6.3.1/../../../../arm-atollic-eabi/lib/armv7e-m/fpu/libc_nano.a(lib_a-fwalk.o)
                              /opt/Atollic_TrueSTUDIO_for_STM32_x86_64_9.3.0/ARMTools/bin/../lib/gcc/arm-atollic-eabi/6.3.1/../../../../arm-atollic-eabi/lib/armv7e-m/fpu/libc_nano.a(lib_a-findfp.o) (_fwalk)
[...]
Memory Configuration

Name             Origin             Length             Attributes
RAM              0x0000000020000000 0x0000000000030000 xrw
CCMRAM           0x0000000010000000 0x0000000000010000 xrw
FLASH            0x0000000008000000 0x0000000000100000 xr
*default*        0x0000000000000000 0xffffffffffffffff

Linker script and memory map

LOAD /opt/Atollic_TrueSTUDIO_for_STM32_x86_64_9.3.0/ARMTools/bin/../lib/gcc/arm-atollic-eabi/6.3.1/armv7e-m/fpu/crti.o
LOAD /opt/Atollic_TrueSTUDIO_for_STM32_x86_64_9.3.0/ARMTools/bin/../lib/gcc/arm-atollic-eabi/6.3.1/armv7e-m/fpu/crtbegin.o
LOAD Core/Src/freertos.o
LOAD Core/Src/main.o
LOAD Core/Src/stm32f4xx_hal_msp.o
LOAD Core/Src/stm32f4xx_hal_timebase_tim.o
LOAD Core/Src/stm32f4xx_it.o
LOAD Core/Src/syscalls.o
LOAD Core/Src/system_stm32f4xx.o
LOAD Core/Src/tcp_client.o
LOAD Core/Src/tcp_server.o
LOAD Drivers/Hardware/pcf8574.o
LOAD Drivers/STM32F4xx_HAL_Driver/Src/stm32f4xx_hal.o
LOAD Drivers/STM32F4xx_HAL_Driver/Src/stm32f4xx_hal_cortex.o
LOAD Drivers/STM32F4xx_HAL_Driver/Src/stm32f4xx_hal_crc.o
LOAD Drivers/STM32F4xx_HAL_Driver/Src/stm32f4xx_hal_dma.o
LOAD Drivers/STM32F4xx_HAL_Driver/Src/stm32f4xx_hal_dma_ex.o
LOAD Drivers/STM32F4xx_HAL_Driver/Src/stm32f4xx_hal_eth.o
LOAD Drivers/STM32F4xx_HAL_Driver/Src/stm32f4xx_hal_exti.o
LOAD Drivers/STM32F4xx_HAL_Driver/Src/stm32f4xx_hal_flash.o
LOAD Drivers/STM32F4xx_HAL_Driver/Src/stm32f4xx_hal_flash_ex.o
LOAD Drivers/STM32F4xx_HAL_Driver/Src/stm32f4xx_hal_flash_ramfunc.o
LOAD Drivers/STM32F4xx_HAL_Driver/Src/stm32f4xx_hal_gpio.o
LOAD Drivers/STM32F4xx_HAL_Driver/Src/stm32f4xx_hal_i2c.o
LOAD Drivers/STM32F4xx_HAL_Driver/Src/stm32f4xx_hal_i2c_ex.o
LOAD Drivers/STM32F4xx_HAL_Driver/Src/stm32f4xx_hal_pwr.o
LOAD Drivers/STM32F4xx_HAL_Driver/Src/stm32f4xx_hal_pwr_ex.o
LOAD Drivers/STM32F4xx_HAL_Driver/Src/stm32f4xx_hal_rcc.o
LOAD Drivers/STM32F4xx_HAL_Driver/Src/stm32f4xx_hal_rcc_ex.o
LOAD Drivers/STM32F4xx_HAL_Driver/Src/stm32f4xx_hal_rng.o
LOAD Drivers/STM32F4xx_HAL_Driver/Src/stm32f4xx_hal_tim.o
LOAD Drivers/STM32F4xx_HAL_Driver/Src/stm32f4xx_hal_tim_ex.o
LOAD Drivers/STM32F4xx_HAL_Driver/Src/stm32f4xx_hal_uart.o
LOAD LWIP/App/lwip.o
LOAD LWIP/Target/ethernetif.o
LOAD Middlewares/Third_Party/FreeRTOS/Source/CMSIS_RTOS/cmsis_os.o
LOAD Middlewares/Third_Party/FreeRTOS/Source/croutine.o
LOAD Middlewares/Third_Party/FreeRTOS/Source/event_groups.o
LOAD Middlewares/Third_Party/FreeRTOS/Source/list.o
LOAD Middlewares/Third_Party/FreeRTOS/Source/portable/GCC/ARM_CM4F/port.o
LOAD Middlewares/Third_Party/FreeRTOS/Source/portable/MemMang/heap_4.o
LOAD Middlewares/Third_Party/FreeRTOS/Source/queue.o
LOAD Middlewares/Third_Party/FreeRTOS/Source/stream_buffer.o
LOAD Middlewares/Third_Party/FreeRTOS/Source/tasks.o
LOAD Middlewares/Third_Party/FreeRTOS/Source/timers.o
LOAD Middlewares/Third_Party/LwIP/src/api/api_lib.o
LOAD Middlewares/Third_Party/LwIP/src/api/api_msg.o
LOAD Middlewares/Third_Party/LwIP/src/api/err.o
LOAD Middlewares/Third_Party/LwIP/src/api/netbuf.o
LOAD Middlewares/Third_Party/LwIP/src/api/netdb.o
LOAD Middlewares/Third_Party/LwIP/src/api/netifapi.o
LOAD Middlewares/Third_Party/LwIP/src/api/sockets.o
LOAD Middlewares/Third_Party/LwIP/src/api/tcpip.o
LOAD Middlewares/Third_Party/LwIP/src/apps/mqtt/mqtt.o
LOAD Middlewares/Third_Party/LwIP/src/core/def.o
LOAD Middlewares/Third_Party/LwIP/src/core/dns.o
LOAD Middlewares/Third_Party/LwIP/src/core/inet_chksum.o
LOAD Middlewares/Third_Party/LwIP/src/core/init.o
LOAD Middlewares/Third_Party/LwIP/src/core/ip.o
LOAD Middlewares/Third_Party/LwIP/src/core/ipv4/autoip.o
LOAD Middlewares/Third_Party/LwIP/src/core/ipv4/dhcp.o
LOAD Middlewares/Third_Party/LwIP/src/core/ipv4/etharp.o
LOAD Middlewares/Third_Party/LwIP/src/core/ipv4/icmp.o
LOAD Middlewares/Third_Party/LwIP/src/core/ipv4/igmp.o
LOAD Middlewares/Third_Party/LwIP/src/core/ipv4/ip4.o
LOAD Middlewares/Third_Party/LwIP/src/core/ipv4/ip4_addr.o
LOAD Middlewares/Third_Party/LwIP/src/core/ipv4/ip4_frag.o
LOAD Middlewares/Third_Party/LwIP/src/core/ipv6/dhcp6.o
LOAD Middlewares/Third_Party/LwIP/src/core/ipv6/ethip6.o
LOAD Middlewares/Third_Party/LwIP/src/core/ipv6/icmp6.o
LOAD Middlewares/Third_Party/LwIP/src/core/ipv6/inet6.o
LOAD Middlewares/Third_Party/LwIP/src/core/ipv6/ip6.o
LOAD Middlewares/Third_Party/LwIP/src/core/ipv6/ip6_addr.o
LOAD Middlewares/Third_Party/LwIP/src/core/ipv6/ip6_frag.o
LOAD Middlewares/Third_Party/LwIP/src/core/ipv6/mld6.o
LOAD Middlewares/Third_Party/LwIP/src/core/ipv6/nd6.o
LOAD Middlewares/Third_Party/LwIP/src/core/mem.o
LOAD Middlewares/Third_Party/LwIP/src/core/memp.o
LOAD Middlewares/Third_Party/LwIP/src/core/netif.o
LOAD Middlewares/Third_Party/LwIP/src/core/pbuf.o
LOAD Middlewares/Third_Party/LwIP/src/core/raw.o
LOAD Middlewares/Third_Party/LwIP/src/core/stats.o
LOAD Middlewares/Third_Party/LwIP/src/core/sys.o
LOAD Middlewares/Third_Party/LwIP/src/core/tcp.o
LOAD Middlewares/Third_Party/LwIP/src/core/tcp_in.o
LOAD Middlewares/Third_Party/LwIP/src/core/tcp_out.o
LOAD Middlewares/Third_Party/LwIP/src/core/timeouts.o
LOAD Middlewares/Third_Party/LwIP/src/core/udp.o
LOAD Middlewares/Third_Party/LwIP/src/netif/ethernet.o
LOAD Middlewares/Third_Party/LwIP/src/netif/ethernetif_template.o
LOAD Middlewares/Third_Party/LwIP/src/netif/lowpan6.o
LOAD Middlewares/Third_Party/LwIP/src/netif/ppp/auth.o
LOAD Middlewares/Third_Party/LwIP/src/netif/ppp/ccp.o
LOAD Middlewares/Third_Party/LwIP/src/netif/ppp/chap-md5.o
LOAD Middlewares/Third_Party/LwIP/src/netif/ppp/chap-new.o
LOAD Middlewares/Third_Party/LwIP/src/netif/ppp/chap_ms.o
LOAD Middlewares/Third_Party/LwIP/src/netif/ppp/demand.o
LOAD Middlewares/Third_Party/LwIP/src/netif/ppp/eap.o
LOAD Middlewares/Third_Party/LwIP/src/netif/ppp/ecp.o
LOAD Middlewares/Third_Party/LwIP/src/netif/ppp/eui64.o
LOAD Middlewares/Third_Party/LwIP/src/netif/ppp/fsm.o
LOAD Middlewares/Third_Party/LwIP/src/netif/ppp/ipcp.o
LOAD Middlewares/Third_Party/LwIP/src/netif/ppp/ipv6cp.o
LOAD Middlewares/Third_Party/LwIP/src/netif/ppp/lcp.o
LOAD Middlewares/Third_Party/LwIP/src/netif/ppp/magic.o
LOAD Middlewares/Third_Party/LwIP/src/netif/ppp/mppe.o
LOAD Middlewares/Third_Party/LwIP/src/netif/ppp/multilink.o
LOAD Middlewares/Third_Party/LwIP/src/netif/ppp/ppp.o
LOAD Middlewares/Third_Party/LwIP/src/netif/ppp/pppapi.o
LOAD Middlewares/Third_Party/LwIP/src/netif/ppp/pppcrypt.o
LOAD Middlewares/Third_Party/LwIP/src/netif/ppp/pppoe.o
LOAD Middlewares/Third_Party/LwIP/src/netif/ppp/pppol2tp.o
LOAD Middlewares/Third_Party/LwIP/src/netif/ppp/pppos.o
LOAD Middlewares/Third_Party/LwIP/src/netif/ppp/upap.o
LOAD Middlewares/Third_Party/LwIP/src/netif/ppp/utils.o
LOAD Middlewares/Third_Party/LwIP/src/netif/ppp/vj.o
LOAD Middlewares/Third_Party/LwIP/src/netif/slipif.o
LOAD Middlewares/Third_Party/LwIP/system/OS/sys_arch.o
LOAD startup/startup_stm32f429xx.o
                0x0000000000000080                malloc_getpagesize_P = 0x80
START GROUP
LOAD /opt/Atollic_TrueSTUDIO_for_STM32_x86_64_9.3.0/ARMTools/bin/../lib/gcc/arm-atollic-eabi/6.3.1/../../../../arm-atollic-eabi/lib/armv7e-m/fpu/libc_nano.a
LOAD /opt/Atollic_TrueSTUDIO_for_STM32_x86_64_9.3.0/ARMTools/bin/../lib/gcc/arm-atollic-eabi/6.3.1/../../../../arm-atollic-eabi/lib/armv7e-m/fpu/libm.a
END GROUP
START GROUP
LOAD /opt/Atollic_TrueSTUDIO_for_STM32_x86_64_9.3.0/ARMTools/bin/../lib/gcc/arm-atollic-eabi/6.3.1/armv7e-m/fpu/libgcc.a
LOAD /opt/Atollic_TrueSTUDIO_for_STM32_x86_64_9.3.0/ARMTools/bin/../lib/gcc/arm-atollic-eabi/6.3.1/../../../../arm-atollic-eabi/lib/armv7e-m/fpu/libc_nano.a
END GROUP
START GROUP
LOAD /opt/Atollic_TrueSTUDIO_for_STM32_x86_64_9.3.0/ARMTools/bin/../lib/gcc/arm-atollic-eabi/6.3.1/armv7e-m/fpu/libgcc.a
LOAD /opt/Atollic_TrueSTUDIO_for_STM32_x86_64_9.3.0/ARMTools/bin/../lib/gcc/arm-atollic-eabi/6.3.1/../../../../arm-atollic-eabi/lib/armv7e-m/fpu/libc_nano.a
LOAD /opt/Atollic_TrueSTUDIO_for_STM32_x86_64_9.3.0/ARMTools/bin/../lib/gcc/arm-atollic-eabi/6.3.1/../../../../arm-atollic-eabi/lib/armv7e-m/fpu/libnosys.a
END GROUP
START GROUP
LOAD /opt/Atollic_TrueSTUDIO_for_STM32_x86_64_9.3.0/ARMTools/bin/../lib/gcc/arm-atollic-eabi/6.3.1/armv7e-m/fpu/libgcc.a
LOAD /opt/Atollic_TrueSTUDIO_for_STM32_x86_64_9.3.0/ARMTools/bin/../lib/gcc/arm-atollic-eabi/6.3.1/../../../../arm-atollic-eabi/lib/armv7e-m/fpu/libc_nano.a
LOAD /opt/Atollic_TrueSTUDIO_for_STM32_x86_64_9.3.0/ARMTools/bin/../lib/gcc/arm-atollic-eabi/6.3.1/../../../../arm-atollic-eabi/lib/armv7e-m/fpu/libnosys.a
END GROUP
LOAD /opt/Atollic_TrueSTUDIO_for_STM32_x86_64_9.3.0/ARMTools/bin/../lib/gcc/arm-atollic-eabi/6.3.1/armv7e-m/fpu/crtend.o
LOAD /opt/Atollic_TrueSTUDIO_for_STM32_x86_64_9.3.0/ARMTools/bin/../lib/gcc/arm-atollic-eabi/6.3.1/armv7e-m/fpu/crtn.o
                0x0000000020030000                _estack = 0x20030000
                0x0000000000000200                _Min_Heap_Size = 0x200
                0x0000000000000400                _Min_Stack_Size = 0x400

.isr_vector     0x0000000008000000      0x1ac
                0x0000000008000000                . = ALIGN (0x4)
 *(.isr_vector)
 .isr_vector    0x0000000008000000      0x1ac startup/startup_stm32f429xx.o
                0x0000000008000000                g_pfnVectors
                0x00000000080001ac                . = ALIGN (0x4)

.text           0x00000000080001b0    0x18a48
                0x00000000080001b0                . = ALIGN (0x4)
 *(.text)
 .text          0x00000000080001b0       0x40 /opt/Atollic_TrueSTUDIO_for_STM32_x86_64_9.3.0/ARMTools/bin/../lib/gcc/arm-atollic-eabi/6.3.1/armv7e-m/fpu/crtbegin.o
 .text          0x00000000080001f0       0x10 /opt/Atollic_TrueSTUDIO_for_STM32_x86_64_9.3.0/ARMTools/bin/../lib/gcc/arm-atollic-eabi/6.3.1/../../../../arm-atollic-eabi/lib/armv7e-m/fpu/libc_nano.a(lib_a-strlen.o)
                0x00000000080001f0                strlen
 .text          0x0000000008000200       0xa0 /opt/Atollic_TrueSTUDIO_for_STM32_x86_64_9.3.0/ARMTools/bin/../lib/gcc/arm-atollic-eabi/6.3.1/../../../../arm-atollic-eabi/lib/armv7e-m/fpu/libc_nano.a(lib_a-memchr.o)
                0x0000000008000200                memchr
 .text          0x00000000080002a0       0x30 /opt/Atollic_TrueSTUDIO_for_STM32_x86_64_9.3.0/ARMTools/bin/../lib/gcc/arm-atollic-eabi/6.3.1/armv7e-m/fpu/libgcc.a(_aeabi_uldivmod.o)
                0x00000000080002a0                __aeabi_uldivmod
 .text          0x00000000080002d0      0x2dc /opt/Atollic_TrueSTUDIO_for_STM32_x86_64_9.3.0/ARMTools/bin/../lib/gcc/arm-atollic-eabi/6.3.1/armv7e-m/fpu/libgcc.a(_udivmoddi4.o)
                0x00000000080002d0                __udivmoddi4
 .text          0x00000000080005ac        0x4 /opt/Atollic_TrueSTUDIO_for_STM32_x86_64_9.3.0/ARMTools/bin/../lib/gcc/arm-atollic-eabi/6.3.1/armv7e-m/fpu/libgcc.a(_dvmd_tls.o)
                0x00000000080005ac                __aeabi_ldiv0
                0x00000000080005ac                __aeabi_idiv0
 *(.text*)
 .text.vApplicationStackOverflowHook
                0x00000000080005b0       0x16 Core/Src/freertos.o
                0x00000000080005b0                vApplicationStackOverflowHook
 .text.vApplicationMallocFailedHook
                0x00000000080005c6        0xe Core/Src/freertos.o
                0x00000000080005c6                vApplicationMallocFailedHook
 .text.vApplicationGetIdleTaskMemory
                0x00000000080005d4       0x34 Core/Src/freertos.o
                0x00000000080005d4                vApplicationGetIdleTaskMemory
 .text.vApplicationGetTimerTaskMemory
                0x0000000008000608       0x34 Core/Src/freertos.o
                0x0000000008000608                vApplicationGetTimerTaskMemory
 .text.__io_putchar
                0x000000000800063c       0x30 Core/Src/main.o
                0x000000000800063c                __io_putchar
 .text.main     0x000000000800066c       0x60 Core/Src/main.o
                0x000000000800066c                main
 .text.SystemClock_Config
                0x00000000080006cc       0xe0 Core/Src/main.o
                0x00000000080006cc                SystemClock_Config
 .text.MX_CRC_Init
                0x00000000080007ac       0x28 Core/Src/main.o
 .text.MX_I2C2_Init
                0x00000000080007d4       0x80 Core/Src/main.o
 .text.MX_RNG_Init
                0x0000000008000854       0x28 Core/Src/main.o
 .text.MX_USART1_UART_Init
                0x000000000800087c       0x54 Core/Src/main.o
 .text.MX_GPIO_Init
                0x00000000080008d0      0x10c Core/Src/main.o
 .text.StartDefaultTask
                0x00000000080009dc       0x60 Core/Src/main.o
                0x00000000080009dc                StartDefaultTask
 .text.HAL_TIM_PeriodElapsedCallback
                0x0000000008000a3c       0x24 Core/Src/main.o
                0x0000000008000a3c                HAL_TIM_PeriodElapsedCallback
 .text.Error_Handler
                0x0000000008000a60        0x8 Core/Src/main.o
                0x0000000008000a60                Error_Handler
 .text.HAL_MspInit
                0x0000000008000a68       0x58 Core/Src/stm32f4xx_hal_msp.o
                0x0000000008000a68                HAL_MspInit
 .text.HAL_CRC_MspInit
                0x0000000008000ac0       0x44 Core/Src/stm32f4xx_hal_msp.o
                0x0000000008000ac0                HAL_CRC_MspInit
 .text.HAL_I2C_MspInit
                0x0000000008000b04       0x90 Core/Src/stm32f4xx_hal_msp.o
                0x0000000008000b04                HAL_I2C_MspInit
 .text.HAL_RNG_MspInit
                0x0000000008000b94       0x44 Core/Src/stm32f4xx_hal_msp.o
                0x0000000008000b94                HAL_RNG_MspInit
 .text.HAL_UART_MspInit
                0x0000000008000bd8       0x90 Core/Src/stm32f4xx_hal_msp.o
                0x0000000008000bd8                HAL_UART_MspInit
 .text.HAL_InitTick
                0x0000000008000c68       0xb4 Core/Src/stm32f4xx_hal_timebase_tim.o
                0x0000000008000c68                HAL_InitTick
 .text.NMI_Handler
                0x0000000008000d1c        0x6 Core/Src/stm32f4xx_it.o
                0x0000000008000d1c                NMI_Handler
 .text.HardFault_Handler
                0x0000000008000d22        0x6 Core/Src/stm32f4xx_it.o
                0x0000000008000d22                HardFault_Handler
 .text.MemManage_Handler
                0x0000000008000d28        0x6 Core/Src/stm32f4xx_it.o
                0x0000000008000d28                MemManage_Handler
 .text.BusFault_Handler
                0x0000000008000d2e        0x6 Core/Src/stm32f4xx_it.o
                0x0000000008000d2e                BusFault_Handler
 .text.UsageFault_Handler
                0x0000000008000d34        0x6 Core/Src/stm32f4xx_it.o
                0x0000000008000d34                UsageFault_Handler
 .text.DebugMon_Handler
                0x0000000008000d3a        0xe Core/Src/stm32f4xx_it.o
                0x0000000008000d3a                DebugMon_Handler
 .text.TIM1_UP_TIM10_IRQHandler
                0x0000000008000d48       0x14 Core/Src/stm32f4xx_it.o
                0x0000000008000d48                TIM1_UP_TIM10_IRQHandler
 .text.ETH_IRQHandler
                0x0000000008000d5c       0x14 Core/Src/stm32f4xx_it.o
                0x0000000008000d5c                ETH_IRQHandler
 .text._read    0x0000000008000d70       0x3a Core/Src/syscalls.o
                0x0000000008000d70                _read
 .text._write   0x0000000008000daa       0x38 Core/Src/syscalls.o
                0x0000000008000daa                _write
 *fill*         0x0000000008000de2        0x2 
 .text._sbrk    0x0000000008000de4       0x5c Core/Src/syscalls.o
                0x0000000008000de4                _sbrk
 .text._close   0x0000000008000e40       0x18 Core/Src/syscalls.o
                0x0000000008000e40                _close
 .text._fstat   0x0000000008000e58       0x20 Core/Src/syscalls.o
                0x0000000008000e58                _fstat
 .text._isatty  0x0000000008000e78       0x16 Core/Src/syscalls.o
                0x0000000008000e78                _isatty
 .text._lseek   0x0000000008000e8e       0x1a Core/Src/syscalls.o
                0x0000000008000e8e                _lseek
 .text.SystemInit
                0x0000000008000ea8       0x24 Core/Src/system_stm32f4xx.o
                0x0000000008000ea8                SystemInit
 .text.tcpecho_thread
                0x0000000008000ecc       0xcc Core/Src/tcp_server.o
                0x0000000008000ecc                tcpecho_thread
 .text.PCF8574_Init
                0x0000000008000f98       0x60 Drivers/Hardware/pcf8574.o
                0x0000000008000f98                PCF8574_Init
 .text.PCF8574_ReadOneByte
                0x0000000008000ff8       0x30 Drivers/Hardware/pcf8574.o
                0x0000000008000ff8                PCF8574_ReadOneByte
 .text.PCF8574_WriteOneByte
                0x0000000008001028       0x30 Drivers/Hardware/pcf8574.o
                0x0000000008001028                PCF8574_WriteOneByte
 .text.PCF8574_WriteBit
                0x0000000008001058       0x5c Drivers/Hardware/pcf8574.o
                0x0000000008001058                PCF8574_WriteBit
 .text.HAL_Init
                0x00000000080010b4       0x44 Drivers/STM32F4xx_HAL_Driver/Src/stm32f4xx_hal.o
                0x00000000080010b4                HAL_Init
 .text.HAL_IncTick
                0x00000000080010f8       0x28 Drivers/STM32F4xx_HAL_Driver/Src/stm32f4xx_hal.o
                0x00000000080010f8                HAL_IncTick
 .text.HAL_GetTick
                0x0000000008001120       0x18 Drivers/STM32F4xx_HAL_Driver/Src/stm32f4xx_hal.o
                0x0000000008001120                HAL_GetTick
 .text.HAL_Delay
                0x0000000008001138       0x44 Drivers/STM32F4xx_HAL_Driver/Src/stm32f4xx_hal.o
                0x0000000008001138                HAL_Delay
 .text.__NVIC_SetPriorityGrouping
                0x000000000800117c       0x48 Drivers/STM32F4xx_HAL_Driver/Src/stm32f4xx_hal_cortex.o
 .text.__NVIC_GetPriorityGrouping
                0x00000000080011c4       0x1c Drivers/STM32F4xx_HAL_Driver/Src/stm32f4xx_hal_cortex.o
 .text.__NVIC_EnableIRQ
                0x00000000080011e0       0x3c Drivers/STM32F4xx_HAL_Driver/Src/stm32f4xx_hal_cortex.o
 .text.__NVIC_SetPriority
                0x000000000800121c       0x54 Drivers/STM32F4xx_HAL_Driver/Src/stm32f4xx_hal_cortex.o
 .text.NVIC_EncodePriority
                0x0000000008001270       0x62 Drivers/STM32F4xx_HAL_Driver/Src/stm32f4xx_hal_cortex.o
 .text.HAL_NVIC_SetPriorityGrouping
                0x00000000080012d2       0x16 Drivers/STM32F4xx_HAL_Driver/Src/stm32f4xx_hal_cortex.o
                0x00000000080012d2                HAL_NVIC_SetPriorityGrouping
 .text.HAL_NVIC_SetPriority
                0x00000000080012e8       0x38 Drivers/STM32F4xx_HAL_Driver/Src/stm32f4xx_hal_cortex.o
                0x00000000080012e8                HAL_NVIC_SetPriority
 .text.HAL_NVIC_EnableIRQ
                0x0000000008001320       0x1c Drivers/STM32F4xx_HAL_Driver/Src/stm32f4xx_hal_cortex.o
                0x0000000008001320                HAL_NVIC_EnableIRQ
 .text.HAL_CRC_Init
                0x000000000800133c       0x38 Drivers/STM32F4xx_HAL_Driver/Src/stm32f4xx_hal_crc.o
                0x000000000800133c                HAL_CRC_Init
 .text.HAL_ETH_Init
                0x0000000008001374      0x33c Drivers/STM32F4xx_HAL_Driver/Src/stm32f4xx_hal_eth.o
                0x0000000008001374                HAL_ETH_Init
 .text.HAL_ETH_DMATxDescListInit
                0x00000000080016b0       0xd2 Drivers/STM32F4xx_HAL_Driver/Src/stm32f4xx_hal_eth.o
                0x00000000080016b0                HAL_ETH_DMATxDescListInit
 .text.HAL_ETH_DMARxDescListInit
                0x0000000008001782       0xda Drivers/STM32F4xx_HAL_Driver/Src/stm32f4xx_hal_eth.o
                0x0000000008001782                HAL_ETH_DMARxDescListInit
 .text.HAL_ETH_TransmitFrame
                0x000000000800185c      0x1d4 Drivers/STM32F4xx_HAL_Driver/Src/stm32f4xx_hal_eth.o
                0x000000000800185c                HAL_ETH_TransmitFrame
 .text.HAL_ETH_GetReceivedFrame_IT
                0x0000000008001a30      0x110 Drivers/STM32F4xx_HAL_Driver/Src/stm32f4xx_hal_eth.o
                0x0000000008001a30                HAL_ETH_GetReceivedFrame_IT
 .text.HAL_ETH_IRQHandler
                0x0000000008001b40       0xce Drivers/STM32F4xx_HAL_Driver/Src/stm32f4xx_hal_eth.o
                0x0000000008001b40                HAL_ETH_IRQHandler
 .text.HAL_ETH_TxCpltCallback
                0x0000000008001c0e       0x14 Drivers/STM32F4xx_HAL_Driver/Src/stm32f4xx_hal_eth.o
                0x0000000008001c0e                HAL_ETH_TxCpltCallback
 .text.HAL_ETH_ErrorCallback
                0x0000000008001c22       0x14 Drivers/STM32F4xx_HAL_Driver/Src/stm32f4xx_hal_eth.o
                0x0000000008001c22                HAL_ETH_ErrorCallback
 .text.HAL_ETH_ReadPHYRegister
                0x0000000008001c36       0xd0 Drivers/STM32F4xx_HAL_Driver/Src/stm32f4xx_hal_eth.o
                0x0000000008001c36                HAL_ETH_ReadPHYRegister
 .text.HAL_ETH_WritePHYRegister
                0x0000000008001d06       0xcc Drivers/STM32F4xx_HAL_Driver/Src/stm32f4xx_hal_eth.o
                0x0000000008001d06                HAL_ETH_WritePHYRegister
 .text.HAL_ETH_Start
                0x0000000008001dd2       0x5e Drivers/STM32F4xx_HAL_Driver/Src/stm32f4xx_hal_eth.o
                0x0000000008001dd2                HAL_ETH_Start
 .text.ETH_MACDMAConfig
                0x0000000008001e30      0x390 Drivers/STM32F4xx_HAL_Driver/Src/stm32f4xx_hal_eth.o
 .text.ETH_MACAddressConfig
                0x00000000080021c0       0x70 Drivers/STM32F4xx_HAL_Driver/Src/stm32f4xx_hal_eth.o
 .text.ETH_MACTransmissionEnable
                0x0000000008002230       0x3a Drivers/STM32F4xx_HAL_Driver/Src/stm32f4xx_hal_eth.o
 .text.ETH_MACReceptionEnable
                0x000000000800226a       0x3a Drivers/STM32F4xx_HAL_Driver/Src/stm32f4xx_hal_eth.o
 .text.ETH_DMATransmissionEnable
                0x00000000080022a4       0x30 Drivers/STM32F4xx_HAL_Driver/Src/stm32f4xx_hal_eth.o
 .text.ETH_DMAReceptionEnable
                0x00000000080022d4       0x30 Drivers/STM32F4xx_HAL_Driver/Src/stm32f4xx_hal_eth.o
 .text.ETH_FlushTransmitFIFO
                0x0000000008002304       0x52 Drivers/STM32F4xx_HAL_Driver/Src/stm32f4xx_hal_eth.o
 *fill*         0x0000000008002356        0x2 
 .text.ETH_Delay
                0x0000000008002358       0x3c Drivers/STM32F4xx_HAL_Driver/Src/stm32f4xx_hal_eth.o
 .text.HAL_GPIO_Init
                0x0000000008002394      0x354 Drivers/STM32F4xx_HAL_Driver/Src/stm32f4xx_hal_gpio.o
                0x0000000008002394                HAL_GPIO_Init
 .text.HAL_GPIO_WritePin
                0x00000000080026e8       0x32 Drivers/STM32F4xx_HAL_Driver/Src/stm32f4xx_hal_gpio.o
                0x00000000080026e8                HAL_GPIO_WritePin
 .text.HAL_GPIO_TogglePin
                0x000000000800271a       0x34 Drivers/STM32F4xx_HAL_Driver/Src/stm32f4xx_hal_gpio.o
                0x000000000800271a                HAL_GPIO_TogglePin
 *fill*         0x000000000800274e        0x2 
 .text.HAL_I2C_Init
                0x0000000008002750      0x270 Drivers/STM32F4xx_HAL_Driver/Src/stm32f4xx_hal_i2c.o
                0x0000000008002750                HAL_I2C_Init
 .text.HAL_I2C_Mem_Write
                0x00000000080029c0      0x1f4 Drivers/STM32F4xx_HAL_Driver/Src/stm32f4xx_hal_i2c.o
                0x00000000080029c0                HAL_I2C_Mem_Write
 .text.HAL_I2C_Mem_Read
                0x0000000008002bb4      0x44c Drivers/STM32F4xx_HAL_Driver/Src/stm32f4xx_hal_i2c.o
                0x0000000008002bb4                HAL_I2C_Mem_Read
 .text.I2C_RequestMemoryWrite
                0x0000000008003000      0x128 Drivers/STM32F4xx_HAL_Driver/Src/stm32f4xx_hal_i2c.o
 .text.I2C_RequestMemoryRead
                0x0000000008003128      0x1d0 Drivers/STM32F4xx_HAL_Driver/Src/stm32f4xx_hal_i2c.o
 .text.I2C_WaitOnFlagUntilTimeout
                0x00000000080032f8       0xae Drivers/STM32F4xx_HAL_Driver/Src/stm32f4xx_hal_i2c.o
 .text.I2C_WaitOnMasterAddressFlagUntilTimeout
                0x00000000080033a6       0xfe Drivers/STM32F4xx_HAL_Driver/Src/stm32f4xx_hal_i2c.o
 .text.I2C_WaitOnTXEFlagUntilTimeout
                0x00000000080034a4       0x82 Drivers/STM32F4xx_HAL_Driver/Src/stm32f4xx_hal_i2c.o
 .text.I2C_WaitOnBTFFlagUntilTimeout
                0x0000000008003526       0x82 Drivers/STM32F4xx_HAL_Driver/Src/stm32f4xx_hal_i2c.o
 .text.I2C_WaitOnRXNEFlagUntilTimeout
                0x00000000080035a8       0xac Drivers/STM32F4xx_HAL_Driver/Src/stm32f4xx_hal_i2c.o
 .text.I2C_IsAcknowledgeFailed
                0x0000000008003654       0x5e Drivers/STM32F4xx_HAL_Driver/Src/stm32f4xx_hal_i2c.o
 .text.HAL_I2CEx_ConfigAnalogFilter
                0x00000000080036b2       0x78 Drivers/STM32F4xx_HAL_Driver/Src/stm32f4xx_hal_i2c_ex.o
                0x00000000080036b2                HAL_I2CEx_ConfigAnalogFilter
 .text.HAL_I2CEx_ConfigDigitalFilter
                0x000000000800372a       0x7e Drivers/STM32F4xx_HAL_Driver/Src/stm32f4xx_hal_i2c_ex.o
                0x000000000800372a                HAL_I2CEx_ConfigDigitalFilter
 .text.HAL_PWREx_EnableOverDrive
                0x00000000080037a8       0xa0 Drivers/STM32F4xx_HAL_Driver/Src/stm32f4xx_hal_pwr_ex.o
                0x00000000080037a8                HAL_PWREx_EnableOverDrive
 .text.HAL_RCC_OscConfig
                0x0000000008003848      0x4f0 Drivers/STM32F4xx_HAL_Driver/Src/stm32f4xx_hal_rcc.o
                0x0000000008003848                HAL_RCC_OscConfig
 .text.HAL_RCC_ClockConfig
                0x0000000008003d38      0x1cc Drivers/STM32F4xx_HAL_Driver/Src/stm32f4xx_hal_rcc.o
                0x0000000008003d38                HAL_RCC_ClockConfig
 .text.HAL_RCC_GetSysClockFreq
                0x0000000008003f04      0x16c Drivers/STM32F4xx_HAL_Driver/Src/stm32f4xx_hal_rcc.o
                0x0000000008003f04                HAL_RCC_GetSysClockFreq
 .text.HAL_RCC_GetHCLKFreq
                0x0000000008004070       0x18 Drivers/STM32F4xx_HAL_Driver/Src/stm32f4xx_hal_rcc.o
                0x0000000008004070                HAL_RCC_GetHCLKFreq
 .text.HAL_RCC_GetPCLK1Freq
                0x0000000008004088       0x28 Drivers/STM32F4xx_HAL_Driver/Src/stm32f4xx_hal_rcc.o
                0x0000000008004088                HAL_RCC_GetPCLK1Freq
 .text.HAL_RCC_GetPCLK2Freq
                0x00000000080040b0       0x28 Drivers/STM32F4xx_HAL_Driver/Src/stm32f4xx_hal_rcc.o
                0x00000000080040b0                HAL_RCC_GetPCLK2Freq
 .text.HAL_RCC_GetClockConfig
                0x00000000080040d8       0x64 Drivers/STM32F4xx_HAL_Driver/Src/stm32f4xx_hal_rcc.o
                0x00000000080040d8                HAL_RCC_GetClockConfig
 .text.HAL_RNG_Init
                0x000000000800413c       0x54 Drivers/STM32F4xx_HAL_Driver/Src/stm32f4xx_hal_rng.o
                0x000000000800413c                HAL_RNG_Init
 .text.HAL_TIM_Base_Init
                0x0000000008004190       0x9e Drivers/STM32F4xx_HAL_Driver/Src/stm32f4xx_hal_tim.o
                0x0000000008004190                HAL_TIM_Base_Init
 .text.HAL_TIM_Base_MspInit
                0x000000000800422e       0x14 Drivers/STM32F4xx_HAL_Driver/Src/stm32f4xx_hal_tim.o
                0x000000000800422e                HAL_TIM_Base_MspInit
 *fill*         0x0000000008004242        0x2 
 .text.HAL_TIM_Base_Start_IT
                0x0000000008004244       0xe0 Drivers/STM32F4xx_HAL_Driver/Src/stm32f4xx_hal_tim.o
                0x0000000008004244                HAL_TIM_Base_Start_IT
 .text.HAL_TIM_IRQHandler
                0x0000000008004324      0x210 Drivers/STM32F4xx_HAL_Driver/Src/stm32f4xx_hal_tim.o
                0x0000000008004324                HAL_TIM_IRQHandler
 .text.HAL_TIM_OC_DelayElapsedCallback
                0x0000000008004534       0x14 Drivers/STM32F4xx_HAL_Driver/Src/stm32f4xx_hal_tim.o
                0x0000000008004534                HAL_TIM_OC_DelayElapsedCallback
 .text.HAL_TIM_IC_CaptureCallback
                0x0000000008004548       0x14 Drivers/STM32F4xx_HAL_Driver/Src/stm32f4xx_hal_tim.o
                0x0000000008004548                HAL_TIM_IC_CaptureCallback
 .text.HAL_TIM_PWM_PulseFinishedCallback
                0x000000000800455c       0x14 Drivers/STM32F4xx_HAL_Driver/Src/stm32f4xx_hal_tim.o
                0x000000000800455c                HAL_TIM_PWM_PulseFinishedCallback
 .text.HAL_TIM_TriggerCallback
                0x0000000008004570       0x14 Drivers/STM32F4xx_HAL_Driver/Src/stm32f4xx_hal_tim.o
                0x0000000008004570                HAL_TIM_TriggerCallback
 .text.TIM_Base_SetConfig
                0x0000000008004584      0x140 Drivers/STM32F4xx_HAL_Driver/Src/stm32f4xx_hal_tim.o
                0x0000000008004584                TIM_Base_SetConfig
 .text.HAL_TIMEx_CommutCallback
                0x00000000080046c4       0x14 Drivers/STM32F4xx_HAL_Driver/Src/stm32f4xx_hal_tim_ex.o
                0x00000000080046c4                HAL_TIMEx_CommutCallback
 .text.HAL_TIMEx_BreakCallback
                0x00000000080046d8       0x14 Drivers/STM32F4xx_HAL_Driver/Src/stm32f4xx_hal_tim_ex.o
                0x00000000080046d8                HAL_TIMEx_BreakCallback
 .text.HAL_UART_Init
                0x00000000080046ec       0x9a Drivers/STM32F4xx_HAL_Driver/Src/stm32f4xx_hal_uart.o
                0x00000000080046ec                HAL_UART_Init
 *fill*         0x0000000008004786        0x2 
 .text.UART_SetConfig
                0x0000000008004788      0x360 Drivers/STM32F4xx_HAL_Driver/Src/stm32f4xx_hal_uart.o
 .text.MX_LWIP_Init
                0x0000000008004ae8       0x80 LWIP/App/lwip.o
                0x0000000008004ae8                MX_LWIP_Init
 .text.HAL_ETH_MspInit
                0x0000000008004b68      0x19c LWIP/Target/ethernetif.o
                0x0000000008004b68                HAL_ETH_MspInit
 .text.HAL_ETH_RxCpltCallback
                0x0000000008004d04       0x20 LWIP/Target/ethernetif.o
                0x0000000008004d04                HAL_ETH_RxCpltCallback
 .text.low_level_init
                0x0000000008004d24      0x1bc LWIP/Target/ethernetif.o
 .text.low_level_output
                0x0000000008004ee0      0x13c LWIP/Target/ethernetif.o
 .text.low_level_input
                0x000000000800501c      0x164 LWIP/Target/ethernetif.o
 .text.ethernetif_input
                0x0000000008005180       0x50 LWIP/Target/ethernetif.o
                0x0000000008005180                ethernetif_input
 .text.ethernetif_init
                0x00000000080051d0       0x5c LWIP/Target/ethernetif.o
                0x00000000080051d0                ethernetif_init
 .text.sys_now  0x000000000800522c        0xe LWIP/Target/ethernetif.o
                0x000000000800522c                sys_now
 .text.makeFreeRtosPriority
                0x000000000800523a       0x30 Middlewares/Third_Party/FreeRTOS/Source/CMSIS_RTOS/cmsis_os.o
 .text.inHandlerMode
                0x000000000800526a       0x24 Middlewares/Third_Party/FreeRTOS/Source/CMSIS_RTOS/cmsis_os.o
 .text.osKernelStart
                0x000000000800528e        0xe Middlewares/Third_Party/FreeRTOS/Source/CMSIS_RTOS/cmsis_os.o
                0x000000000800528e                osKernelStart
 .text.osKernelSysTick
                0x000000000800529c       0x20 Middlewares/Third_Party/FreeRTOS/Source/CMSIS_RTOS/cmsis_os.o
                0x000000000800529c                osKernelSysTick
 .text.osThreadCreate
                0x00000000080052bc       0x98 Middlewares/Third_Party/FreeRTOS/Source/CMSIS_RTOS/cmsis_os.o
                0x00000000080052bc                osThreadCreate
 .text.osDelay  0x0000000008005354       0x28 Middlewares/Third_Party/FreeRTOS/Source/CMSIS_RTOS/cmsis_os.o
                0x0000000008005354                osDelay
 .text.osMutexCreate
                0x000000000800537c       0x30 Middlewares/Third_Party/FreeRTOS/Source/CMSIS_RTOS/cmsis_os.o
                0x000000000800537c                osMutexCreate
 .text.osMutexWait
                0x00000000080053ac       0x9c Middlewares/Third_Party/FreeRTOS/Source/CMSIS_RTOS/cmsis_os.o
                0x00000000080053ac                osMutexWait
 .text.osMutexRelease
                0x0000000008005448       0x6c Middlewares/Third_Party/FreeRTOS/Source/CMSIS_RTOS/cmsis_os.o
                0x0000000008005448                osMutexRelease
 .text.osSemaphoreCreate
                0x00000000080054b4       0x66 Middlewares/Third_Party/FreeRTOS/Source/CMSIS_RTOS/cmsis_os.o
                0x00000000080054b4                osSemaphoreCreate
 *fill*         0x000000000800551a        0x2 
 .text.osSemaphoreWait
                0x000000000800551c       0x9c Middlewares/Third_Party/FreeRTOS/Source/CMSIS_RTOS/cmsis_os.o
                0x000000000800551c                osSemaphoreWait
 .text.osSemaphoreRelease
                0x00000000080055b8       0x6c Middlewares/Third_Party/FreeRTOS/Source/CMSIS_RTOS/cmsis_os.o
                0x00000000080055b8                osSemaphoreRelease
 .text.osSemaphoreDelete
                0x0000000008005624       0x26 Middlewares/Third_Party/FreeRTOS/Source/CMSIS_RTOS/cmsis_os.o
                0x0000000008005624                osSemaphoreDelete
 .text.osMessageCreate
                0x000000000800564a       0x52 Middlewares/Third_Party/FreeRTOS/Source/CMSIS_RTOS/cmsis_os.o
                0x000000000800564a                osMessageCreate
 .text.osMessagePut
                0x000000000800569c       0x80 Middlewares/Third_Party/FreeRTOS/Source/CMSIS_RTOS/cmsis_os.o
                0x000000000800569c                osMessagePut
 .text.osMessageGet
                0x000000000800571c       0xe8 Middlewares/Third_Party/FreeRTOS/Source/CMSIS_RTOS/cmsis_os.o
                0x000000000800571c                osMessageGet
 .text.osMessageWaiting
                0x0000000008005804       0x2c Middlewares/Third_Party/FreeRTOS/Source/CMSIS_RTOS/cmsis_os.o
                0x0000000008005804                osMessageWaiting
 .text.osMessageDelete
                0x0000000008005830       0x26 Middlewares/Third_Party/FreeRTOS/Source/CMSIS_RTOS/cmsis_os.o
                0x0000000008005830                osMessageDelete
 .text.vListInitialise
                0x0000000008005856       0x40 Middlewares/Third_Party/FreeRTOS/Source/list.o
                0x0000000008005856                vListInitialise
 .text.vListInitialiseItem
                0x0000000008005896       0x1a Middlewares/Third_Party/FreeRTOS/Source/list.o
                0x0000000008005896                vListInitialiseItem
 .text.vListInsertEnd
                0x00000000080058b0       0x48 Middlewares/Third_Party/FreeRTOS/Source/list.o
                0x00000000080058b0                vListInsertEnd
 .text.vListInsert
                0x00000000080058f8       0x72 Middlewares/Third_Party/FreeRTOS/Source/list.o
                0x00000000080058f8                vListInsert
 .text.uxListRemove
                0x000000000800596a       0x54 Middlewares/Third_Party/FreeRTOS/Source/list.o
                0x000000000800596a                uxListRemove
 *fill*         0x00000000080059be        0x2 
 .text.pxPortInitialiseStack
                0x00000000080059c0       0x68 Middlewares/Third_Party/FreeRTOS/Source/portable/GCC/ARM_CM4F/port.o
                0x00000000080059c0                pxPortInitialiseStack
 .text.prvTaskExitError
                0x0000000008005a28       0x54 Middlewares/Third_Party/FreeRTOS/Source/portable/GCC/ARM_CM4F/port.o
 *fill*         0x0000000008005a7c        0x4 
 .text.SVC_Handler
                0x0000000008005a80       0x28 Middlewares/Third_Party/FreeRTOS/Source/portable/GCC/ARM_CM4F/port.o
                0x0000000008005a80                SVC_Handler
 .text.prvPortStartFirstTask
                0x0000000008005aa8       0x28 Middlewares/Third_Party/FreeRTOS/Source/portable/GCC/ARM_CM4F/port.o
 .text.xPortStartScheduler
                0x0000000008005ad0      0x13c Middlewares/Third_Party/FreeRTOS/Source/portable/GCC/ARM_CM4F/port.o
                0x0000000008005ad0                xPortStartScheduler
 .text.vPortEnterCritical
                0x0000000008005c0c       0x5c Middlewares/Third_Party/FreeRTOS/Source/portable/GCC/ARM_CM4F/port.o
                0x0000000008005c0c                vPortEnterCritical
 .text.vPortExitCritical
                0x0000000008005c68       0x50 Middlewares/Third_Party/FreeRTOS/Source/portable/GCC/ARM_CM4F/port.o
                0x0000000008005c68                vPortExitCritical
 *fill*         0x0000000008005cb8        0x8 
 .text.PendSV_Handler
                0x0000000008005cc0       0x68 Middlewares/Third_Party/FreeRTOS/Source/portable/GCC/ARM_CM4F/port.o
                0x0000000008005cc0                PendSV_Handler
 .text.SysTick_Handler
                0x0000000008005d28       0x40 Middlewares/Third_Party/FreeRTOS/Source/portable/GCC/ARM_CM4F/port.o
                0x0000000008005d28                SysTick_Handler
 .text.vPortSetupTimerInterrupt
                0x0000000008005d68       0x48 Middlewares/Third_Party/FreeRTOS/Source/portable/GCC/ARM_CM4F/port.o
                0x0000000008005d68                vPortSetupTimerInterrupt
 .text.vPortEnableVFP
                0x0000000008005db0       0x14 Middlewares/Third_Party/FreeRTOS/Source/portable/GCC/ARM_CM4F/port.o
 .text.vPortValidateInterruptPriority
                0x0000000008005dc4       0x7c Middlewares/Third_Party/FreeRTOS/Source/portable/GCC/ARM_CM4F/port.o
                0x0000000008005dc4                vPortValidateInterruptPriority
 .text.pvPortMalloc
                0x0000000008005e40      0x19c Middlewares/Third_Party/FreeRTOS/Source/portable/MemMang/heap_4.o
                0x0000000008005e40                pvPortMalloc
 .text.vPortFree
                0x0000000008005fdc       0xc0 Middlewares/Third_Party/FreeRTOS/Source/portable/MemMang/heap_4.o
                0x0000000008005fdc                vPortFree
 .text.prvHeapInit
                0x000000000800609c       0xc4 Middlewares/Third_Party/FreeRTOS/Source/portable/MemMang/heap_4.o
 .text.prvInsertBlockIntoFreeList
                0x0000000008006160       0xb4 Middlewares/Third_Party/FreeRTOS/Source/portable/MemMang/heap_4.o
 .text.xQueueGenericReset
                0x0000000008006214       0xd0 Middlewares/Third_Party/FreeRTOS/Source/queue.o
                0x0000000008006214                xQueueGenericReset
 .text.xQueueGenericCreateStatic
                0x00000000080062e4       0xe6 Middlewares/Third_Party/FreeRTOS/Source/queue.o
                0x00000000080062e4                xQueueGenericCreateStatic
 .text.xQueueGenericCreate
                0x00000000080063ca       0x72 Middlewares/Third_Party/FreeRTOS/Source/queue.o
                0x00000000080063ca                xQueueGenericCreate
 .text.prvInitialiseNewQueue
                0x000000000800643c       0x3e Middlewares/Third_Party/FreeRTOS/Source/queue.o
 .text.prvInitialiseMutex
                0x000000000800647a       0x34 Middlewares/Third_Party/FreeRTOS/Source/queue.o
 .text.xQueueCreateMutex
                0x00000000080064ae       0x30 Middlewares/Third_Party/FreeRTOS/Source/queue.o
                0x00000000080064ae                xQueueCreateMutex
 .text.xQueueCreateMutexStatic
                0x00000000080064de       0x36 Middlewares/Third_Party/FreeRTOS/Source/queue.o
                0x00000000080064de                xQueueCreateMutexStatic
 .text.xQueueGenericSend
                0x0000000008006514      0x1f4 Middlewares/Third_Party/FreeRTOS/Source/queue.o
                0x0000000008006514                xQueueGenericSend
 .text.xQueueGenericSendFromISR
                0x0000000008006708      0x12e Middlewares/Third_Party/FreeRTOS/Source/queue.o
                0x0000000008006708                xQueueGenericSendFromISR
 .text.xQueueGiveFromISR
                0x0000000008006836      0x112 Middlewares/Third_Party/FreeRTOS/Source/queue.o
                0x0000000008006836                xQueueGiveFromISR
 .text.xQueueReceive
                0x0000000008006948      0x1b8 Middlewares/Third_Party/FreeRTOS/Source/queue.o
                0x0000000008006948                xQueueReceive
 .text.xQueueSemaphoreTake
                0x0000000008006b00      0x210 Middlewares/Third_Party/FreeRTOS/Source/queue.o
                0x0000000008006b00                xQueueSemaphoreTake
 .text.xQueueReceiveFromISR
                0x0000000008006d10       0xfa Middlewares/Third_Party/FreeRTOS/Source/queue.o
                0x0000000008006d10                xQueueReceiveFromISR
 .text.uxQueueMessagesWaiting
                0x0000000008006e0a       0x3a Middlewares/Third_Party/FreeRTOS/Source/queue.o
                0x0000000008006e0a                uxQueueMessagesWaiting
 .text.uxQueueMessagesWaitingFromISR
                0x0000000008006e44       0x3a Middlewares/Third_Party/FreeRTOS/Source/queue.o
                0x0000000008006e44                uxQueueMessagesWaitingFromISR
 .text.vQueueDelete
                0x0000000008006e7e       0x44 Middlewares/Third_Party/FreeRTOS/Source/queue.o
                0x0000000008006e7e                vQueueDelete
 .text.prvGetDisinheritPriorityAfterTimeout
                0x0000000008006ec2       0x30 Middlewares/Third_Party/FreeRTOS/Source/queue.o
 .text.prvCopyDataToQueue
                0x0000000008006ef2       0xd4 Middlewares/Third_Party/FreeRTOS/Source/queue.o
 .text.prvCopyDataFromQueue
                0x0000000008006fc6       0x4c Middlewares/Third_Party/FreeRTOS/Source/queue.o
 .text.prvUnlockQueue
                0x0000000008007012       0xa4 Middlewares/Third_Party/FreeRTOS/Source/queue.o
 .text.prvIsQueueEmpty
                0x00000000080070b6       0x2c Middlewares/Third_Party/FreeRTOS/Source/queue.o
 .text.prvIsQueueFull
                0x00000000080070e2       0x30 Middlewares/Third_Party/FreeRTOS/Source/queue.o
 *fill*         0x0000000008007112        0x2 
 .text.vQueueAddToRegistry
                0x0000000008007114       0x50 Middlewares/Third_Party/FreeRTOS/Source/queue.o
                0x0000000008007114                vQueueAddToRegistry
 .text.vQueueUnregisterQueue
                0x0000000008007164       0x54 Middlewares/Third_Party/FreeRTOS/Source/queue.o
                0x0000000008007164                vQueueUnregisterQueue
 .text.vQueueWaitForMessageRestricted
                0x00000000080071b8       0x68 Middlewares/Third_Party/FreeRTOS/Source/queue.o
                0x00000000080071b8                vQueueWaitForMessageRestricted
 .text.xTaskCreateStatic
                0x0000000008007220       0xb4 Middlewares/Third_Party/FreeRTOS/Source/tasks.o
                0x0000000008007220                xTaskCreateStatic
 .text.xTaskCreate
                0x00000000080072d4       0x8a Middlewares/Third_Party/FreeRTOS/Source/tasks.o
                0x00000000080072d4                xTaskCreate
 .text.prvInitialiseNewTask
                0x000000000800735e      0x10c Middlewares/Third_Party/FreeRTOS/Source/tasks.o
 *fill*         0x000000000800746a        0x2 
 .text.prvAddNewTaskToReadyList
                0x000000000800746c       0xd4 Middlewares/Third_Party/FreeRTOS/Source/tasks.o
 .text.vTaskDelay
                0x0000000008007540       0x68 Middlewares/Third_Party/FreeRTOS/Source/tasks.o
                0x0000000008007540                vTaskDelay
 .text.vTaskStartScheduler
                0x00000000080075a8       0xc8 Middlewares/Third_Party/FreeRTOS/Source/tasks.o
                0x00000000080075a8                vTaskStartScheduler
 .text.vTaskSuspendAll
                0x0000000008007670       0x1c Middlewares/Third_Party/FreeRTOS/Source/tasks.o
                0x0000000008007670                vTaskSuspendAll
 .text.xTaskResumeAll
                0x000000000800768c      0x138 Middlewares/Third_Party/FreeRTOS/Source/tasks.o
                0x000000000800768c                xTaskResumeAll
 .text.xTaskGetTickCount
                0x00000000080077c4       0x20 Middlewares/Third_Party/FreeRTOS/Source/tasks.o
                0x00000000080077c4                xTaskGetTickCount
 .text.xTaskGetTickCountFromISR
                0x00000000080077e4       0x24 Middlewares/Third_Party/FreeRTOS/Source/tasks.o
                0x00000000080077e4                xTaskGetTickCountFromISR
 .text.xTaskIncrementTick
                0x0000000008007808      0x170 Middlewares/Third_Party/FreeRTOS/Source/tasks.o
                0x0000000008007808                xTaskIncrementTick
 .text.vTaskSwitchContext
                0x0000000008007978       0xd4 Middlewares/Third_Party/FreeRTOS/Source/tasks.o
                0x0000000008007978                vTaskSwitchContext
 .text.vTaskPlaceOnEventList
                0x0000000008007a4c       0x48 Middlewares/Third_Party/FreeRTOS/Source/tasks.o
                0x0000000008007a4c                vTaskPlaceOnEventList
 .text.vTaskPlaceOnEventListRestricted
                0x0000000008007a94       0x54 Middlewares/Third_Party/FreeRTOS/Source/tasks.o
                0x0000000008007a94                vTaskPlaceOnEventListRestricted
 .text.xTaskRemoveFromEventList
                0x0000000008007ae8       0xc4 Middlewares/Third_Party/FreeRTOS/Source/tasks.o
                0x0000000008007ae8                xTaskRemoveFromEventList
 .text.vTaskInternalSetTimeOutState
                0x0000000008007bac       0x2c Middlewares/Third_Party/FreeRTOS/Source/tasks.o
                0x0000000008007bac                vTaskInternalSetTimeOutState
 .text.xTaskCheckForTimeOut
                0x0000000008007bd8       0xc0 Middlewares/Third_Party/FreeRTOS/Source/tasks.o
                0x0000000008007bd8                xTaskCheckForTimeOut
 .text.vTaskMissedYield
                0x0000000008007c98       0x18 Middlewares/Third_Party/FreeRTOS/Source/tasks.o
                0x0000000008007c98                vTaskMissedYield
 .text.prvIdleTask
                0x0000000008007cb0       0x30 Middlewares/Third_Party/FreeRTOS/Source/tasks.o
 .text.prvInitialiseTaskLists
                0x0000000008007ce0       0x80 Middlewares/Third_Party/FreeRTOS/Source/tasks.o
 .text.prvCheckTasksWaitingTermination
                0x0000000008007d60       0x58 Middlewares/Third_Party/FreeRTOS/Source/tasks.o
 .text.prvDeleteTCB
                0x0000000008007db8       0x5c Middlewares/Third_Party/FreeRTOS/Source/tasks.o
 .text.prvResetNextTaskUnblockTime
                0x0000000008007e14       0x40 Middlewares/Third_Party/FreeRTOS/Source/tasks.o
 .text.xTaskGetSchedulerState
                0x0000000008007e54       0x3c Middlewares/Third_Party/FreeRTOS/Source/tasks.o
                0x0000000008007e54                xTaskGetSchedulerState
 .text.xTaskPriorityInherit
                0x0000000008007e90       0xec Middlewares/Third_Party/FreeRTOS/Source/tasks.o
                0x0000000008007e90                xTaskPriorityInherit
 .text.xTaskPriorityDisinherit
                0x0000000008007f7c      0x108 Middlewares/Third_Party/FreeRTOS/Source/tasks.o
                0x0000000008007f7c                xTaskPriorityDisinherit
 .text.vTaskPriorityDisinheritAfterTimeout
                0x0000000008008084      0x118 Middlewares/Third_Party/FreeRTOS/Source/tasks.o
                0x0000000008008084                vTaskPriorityDisinheritAfterTimeout
 .text.pvTaskIncrementMutexHeldCount
                0x000000000800819c       0x28 Middlewares/Third_Party/FreeRTOS/Source/tasks.o
                0x000000000800819c                pvTaskIncrementMutexHeldCount
 .text.prvAddCurrentTaskToDelayedList
                0x00000000080081c4       0xcc Middlewares/Third_Party/FreeRTOS/Source/tasks.o
 .text.xTimerCreateTimerTask
                0x0000000008008290       0x90 Middlewares/Third_Party/FreeRTOS/Source/timers.o
                0x0000000008008290                xTimerCreateTimerTask
 .text.xTimerGenericCommand
                0x0000000008008320       0x98 Middlewares/Third_Party/FreeRTOS/Source/timers.o
                0x0000000008008320                xTimerGenericCommand
 .text.prvProcessExpiredTimer
                0x00000000080083b8       0x98 Middlewares/Third_Party/FreeRTOS/Source/timers.o
 .text.prvTimerTask
                0x0000000008008450       0x24 Middlewares/Third_Party/FreeRTOS/Source/timers.o
 .text.prvProcessTimerOrBlockTask
                0x0000000008008474       0x9c Middlewares/Third_Party/FreeRTOS/Source/timers.o
 .text.prvGetNextExpireTime
                0x0000000008008510       0x48 Middlewares/Third_Party/FreeRTOS/Source/timers.o
 .text.prvSampleTimeNow
                0x0000000008008558       0x40 Middlewares/Third_Party/FreeRTOS/Source/timers.o
 .text.prvInsertTimerInActiveList
                0x0000000008008598       0x84 Middlewares/Third_Party/FreeRTOS/Source/timers.o
 .text.prvProcessReceivedCommands
                0x000000000800861c      0x188 Middlewares/Third_Party/FreeRTOS/Source/timers.o
 .text.prvSwitchTimerLists
                0x00000000080087a4       0xc8 Middlewares/Third_Party/FreeRTOS/Source/timers.o
 .text.prvCheckForValidListAndQueue
                0x000000000800886c       0x80 Middlewares/Third_Party/FreeRTOS/Source/timers.o
 .text.netconn_apimsg
                0x00000000080088ec       0x3a Middlewares/Third_Party/LwIP/src/api/api_lib.o
 *fill*         0x0000000008008926        0x2 
 .text.netconn_new_with_proto_and_callback
                0x0000000008008928       0xf4 Middlewares/Third_Party/LwIP/src/api/api_lib.o
                0x0000000008008928                netconn_new_with_proto_and_callback
 .text.netconn_delete
                0x0000000008008a1c       0x4c Middlewares/Third_Party/LwIP/src/api/api_lib.o
                0x0000000008008a1c                netconn_delete
 .text.netconn_bind
                0x0000000008008a68       0x70 Middlewares/Third_Party/LwIP/src/api/api_lib.o
                0x0000000008008a68                netconn_bind
 .text.netconn_listen_with_backlog
                0x0000000008008ad8       0x58 Middlewares/Third_Party/LwIP/src/api/api_lib.o
                0x0000000008008ad8                netconn_listen_with_backlog
 .text.netconn_accept
                0x0000000008008b30       0xf8 Middlewares/Third_Party/LwIP/src/api/api_lib.o
                0x0000000008008b30                netconn_accept
 .text.netconn_recv_data
                0x0000000008008c28      0x1a4 Middlewares/Third_Party/LwIP/src/api/api_lib.o
 .text.netconn_recv
                0x0000000008008dcc       0xf0 Middlewares/Third_Party/LwIP/src/api/api_lib.o
                0x0000000008008dcc                netconn_recv
 .text.netconn_write_partly
                0x0000000008008ebc       0xf0 Middlewares/Third_Party/LwIP/src/api/api_lib.o
                0x0000000008008ebc                netconn_write_partly
 .text.netconn_close_shutdown
                0x0000000008008fac       0x60 Middlewares/Third_Party/LwIP/src/api/api_lib.o
 .text.netconn_close
                0x000000000800900c       0x1a Middlewares/Third_Party/LwIP/src/api/api_lib.o
                0x000000000800900c                netconn_close
 *fill*         0x0000000008009026        0x2 
 .text.recv_udp
                0x0000000008009028       0xfc Middlewares/Third_Party/LwIP/src/api/api_msg.o
 .text.recv_tcp
                0x0000000008009124      0x110 Middlewares/Third_Party/LwIP/src/api/api_msg.o
 .text.poll_tcp
                0x0000000008009234       0xc8 Middlewares/Third_Party/LwIP/src/api/api_msg.o
 .text.sent_tcp
                0x00000000080092fc       0xa8 Middlewares/Third_Party/LwIP/src/api/api_msg.o
 .text.err_tcp  0x00000000080093a4      0x1e0 Middlewares/Third_Party/LwIP/src/api/api_msg.o
 .text.setup_tcp
                0x0000000008009584       0x50 Middlewares/Third_Party/LwIP/src/api/api_msg.o
 .text.accept_function
                0x00000000080095d4      0x148 Middlewares/Third_Party/LwIP/src/api/api_msg.o
 .text.pcb_new  0x000000000800971c       0xd4 Middlewares/Third_Party/LwIP/src/api/api_msg.o
 .text.lwip_netconn_do_newconn
                0x00000000080097f0       0x58 Middlewares/Third_Party/LwIP/src/api/api_msg.o
                0x00000000080097f0                lwip_netconn_do_newconn
 .text.netconn_alloc
                0x0000000008009848       0xe0 Middlewares/Third_Party/LwIP/src/api/api_msg.o
                0x0000000008009848                netconn_alloc
 .text.netconn_free
                0x0000000008009928       0x94 Middlewares/Third_Party/LwIP/src/api/api_msg.o
                0x0000000008009928                netconn_free
 .text.netconn_drain
                0x00000000080099bc      0x100 Middlewares/Third_Party/LwIP/src/api/api_msg.o
 .text.lwip_netconn_do_close_internal
                0x0000000008009abc      0x2f0 Middlewares/Third_Party/LwIP/src/api/api_msg.o
 .text.lwip_netconn_do_delconn
                0x0000000008009dac      0x204 Middlewares/Third_Party/LwIP/src/api/api_msg.o
                0x0000000008009dac                lwip_netconn_do_delconn
 .text.lwip_netconn_do_bind
                0x0000000008009fb0       0xbe Middlewares/Third_Party/LwIP/src/api/api_msg.o
                0x0000000008009fb0                lwip_netconn_do_bind
 *fill*         0x000000000800a06e        0x2 
 .text.lwip_netconn_do_listen
                0x000000000800a070      0x184 Middlewares/Third_Party/LwIP/src/api/api_msg.o
                0x000000000800a070                lwip_netconn_do_listen
 .text.lwip_netconn_do_recv
                0x000000000800a1f4       0x98 Middlewares/Third_Party/LwIP/src/api/api_msg.o
                0x000000000800a1f4                lwip_netconn_do_recv
 .text.lwip_netconn_do_writemore
                0x000000000800a28c      0x344 Middlewares/Third_Party/LwIP/src/api/api_msg.o
 .text.lwip_netconn_do_write
                0x000000000800a5d0      0x160 Middlewares/Third_Party/LwIP/src/api/api_msg.o
                0x000000000800a5d0                lwip_netconn_do_write
 .text.lwip_netconn_do_close
                0x000000000800a730      0x150 Middlewares/Third_Party/LwIP/src/api/api_msg.o
                0x000000000800a730                lwip_netconn_do_close
 .text.netbuf_delete
                0x000000000800a880       0x3e Middlewares/Third_Party/LwIP/src/api/netbuf.o
                0x000000000800a880                netbuf_delete
 *fill*         0x000000000800a8be        0x2 
 .text.netbuf_data
                0x000000000800a8c0       0x94 Middlewares/Third_Party/LwIP/src/api/netbuf.o
                0x000000000800a8c0                netbuf_data
 .text.netbuf_next
                0x000000000800a954       0x60 Middlewares/Third_Party/LwIP/src/api/netbuf.o
                0x000000000800a954                netbuf_next
 .text.tcpip_thread
                0x000000000800a9b4       0xcc Middlewares/Third_Party/LwIP/src/api/tcpip.o
 .text.tcpip_inpkt
                0x000000000800aa80       0x88 Middlewares/Third_Party/LwIP/src/api/tcpip.o
                0x000000000800aa80                tcpip_inpkt
 .text.tcpip_input
                0x000000000800ab08       0x44 Middlewares/Third_Party/LwIP/src/api/tcpip.o
                0x000000000800ab08                tcpip_input
 .text.tcpip_callback_with_block
                0x000000000800ab4c       0x94 Middlewares/Third_Party/LwIP/src/api/tcpip.o
                0x000000000800ab4c                tcpip_callback_with_block
 .text.tcpip_send_msg_wait_sem
                0x000000000800abe0       0x2c Middlewares/Third_Party/LwIP/src/api/tcpip.o
                0x000000000800abe0                tcpip_send_msg_wait_sem
 .text.tcpip_init
                0x000000000800ac0c       0x94 Middlewares/Third_Party/LwIP/src/api/tcpip.o
                0x000000000800ac0c                tcpip_init
 .text.lwip_htons
                0x000000000800aca0       0x1c Middlewares/Third_Party/LwIP/src/core/def.o
                0x000000000800aca0                lwip_htons
 .text.lwip_htonl
                0x000000000800acbc       0x32 Middlewares/Third_Party/LwIP/src/core/def.o
                0x000000000800acbc                lwip_htonl
 .text.dns_init
                0x000000000800acee        0xe Middlewares/Third_Party/LwIP/src/core/dns.o
                0x000000000800acee                dns_init
 .text.dns_setserver
                0x000000000800acfc       0x48 Middlewares/Third_Party/LwIP/src/core/dns.o
                0x000000000800acfc                dns_setserver
 .text.dns_tmr  0x000000000800ad44        0xc Middlewares/Third_Party/LwIP/src/core/dns.o
                0x000000000800ad44                dns_tmr
 .text.dns_send
                0x000000000800ad50      0x1c0 Middlewares/Third_Party/LwIP/src/core/dns.o
 .text.dns_call_found
                0x000000000800af10      0x180 Middlewares/Third_Party/LwIP/src/core/dns.o
 .text.dns_create_txid
                0x000000000800b090       0x60 Middlewares/Third_Party/LwIP/src/core/dns.o
 .text.dns_check_entry
                0x000000000800b0f0      0x160 Middlewares/Third_Party/LwIP/src/core/dns.o
 .text.dns_check_entries
                0x000000000800b250       0x28 Middlewares/Third_Party/LwIP/src/core/dns.o
 .text.lwip_standard_chksum
                0x000000000800b278       0xba Middlewares/Third_Party/LwIP/src/core/inet_chksum.o
                0x000000000800b278                lwip_standard_chksum
 .text.inet_chksum
                0x000000000800b332       0x24 Middlewares/Third_Party/LwIP/src/core/inet_chksum.o
                0x000000000800b332                inet_chksum
 .text.lwip_init
                0x000000000800b356       0x36 Middlewares/Third_Party/LwIP/src/core/init.o
                0x000000000800b356                lwip_init
 .text.dhcp_inc_pcb_refcount
                0x000000000800b38c       0xa4 Middlewares/Third_Party/LwIP/src/core/ipv4/dhcp.o
 .text.dhcp_dec_pcb_refcount
                0x000000000800b430       0x54 Middlewares/Third_Party/LwIP/src/core/ipv4/dhcp.o
 .text.dhcp_handle_nak
                0x000000000800b484       0x34 Middlewares/Third_Party/LwIP/src/core/ipv4/dhcp.o
 .text.dhcp_check
                0x000000000800b4b8       0x68 Middlewares/Third_Party/LwIP/src/core/ipv4/dhcp.o
 .text.dhcp_handle_offer
                0x000000000800b520       0x48 Middlewares/Third_Party/LwIP/src/core/ipv4/dhcp.o
 .text.dhcp_select
                0x000000000800b568      0x14c Middlewares/Third_Party/LwIP/src/core/ipv4/dhcp.o
 .text.dhcp_coarse_tmr
                0x000000000800b6b4       0xa8 Middlewares/Third_Party/LwIP/src/core/ipv4/dhcp.o
                0x000000000800b6b4                dhcp_coarse_tmr
 .text.dhcp_fine_tmr
                0x000000000800b75c       0x64 Middlewares/Third_Party/LwIP/src/core/ipv4/dhcp.o
                0x000000000800b75c                dhcp_fine_tmr
 .text.dhcp_timeout
                0x000000000800b7c0       0x92 Middlewares/Third_Party/LwIP/src/core/ipv4/dhcp.o
 .text.dhcp_t1_timeout
                0x000000000800b852       0x5c Middlewares/Third_Party/LwIP/src/core/ipv4/dhcp.o
 .text.dhcp_t2_timeout
                0x000000000800b8ae       0x64 Middlewares/Third_Party/LwIP/src/core/ipv4/dhcp.o
 *fill*         0x000000000800b912        0x2 
 .text.dhcp_handle_ack
                0x000000000800b914      0x100 Middlewares/Third_Party/LwIP/src/core/ipv4/dhcp.o
 .text.dhcp_start
                0x000000000800ba14      0x118 Middlewares/Third_Party/LwIP/src/core/ipv4/dhcp.o
                0x000000000800ba14                dhcp_start
 .text.dhcp_arp_reply
                0x000000000800bb2c       0x58 Middlewares/Third_Party/LwIP/src/core/ipv4/dhcp.o
                0x000000000800bb2c                dhcp_arp_reply
 .text.dhcp_decline
                0x000000000800bb84       0xd4 Middlewares/Third_Party/LwIP/src/core/ipv4/dhcp.o
 .text.dhcp_discover
                0x000000000800bc58      0x118 Middlewares/Third_Party/LwIP/src/core/ipv4/dhcp.o
 .text.dhcp_bind
                0x000000000800bd70      0x1b4 Middlewares/Third_Party/LwIP/src/core/ipv4/dhcp.o
 .text.dhcp_renew
                0x000000000800bf24      0x10c Middlewares/Third_Party/LwIP/src/core/ipv4/dhcp.o
                0x000000000800bf24                dhcp_renew
 .text.dhcp_rebind
                0x000000000800c030      0x10c Middlewares/Third_Party/LwIP/src/core/ipv4/dhcp.o
 .text.dhcp_reboot
                0x000000000800c13c      0x128 Middlewares/Third_Party/LwIP/src/core/ipv4/dhcp.o
 .text.dhcp_release
                0x000000000800c264      0x110 Middlewares/Third_Party/LwIP/src/core/ipv4/dhcp.o
                0x000000000800c264                dhcp_release
 .text.dhcp_stop
                0x000000000800c374       0x70 Middlewares/Third_Party/LwIP/src/core/ipv4/dhcp.o
                0x000000000800c374                dhcp_stop
 .text.dhcp_set_state
                0x000000000800c3e4       0x34 Middlewares/Third_Party/LwIP/src/core/ipv4/dhcp.o
 .text.dhcp_option
                0x000000000800c418       0x74 Middlewares/Third_Party/LwIP/src/core/ipv4/dhcp.o
 .text.dhcp_option_byte
                0x000000000800c48c       0x50 Middlewares/Third_Party/LwIP/src/core/ipv4/dhcp.o
 .text.dhcp_option_short
                0x000000000800c4dc       0x78 Middlewares/Third_Party/LwIP/src/core/ipv4/dhcp.o
 .text.dhcp_option_long
                0x000000000800c554       0xb4 Middlewares/Third_Party/LwIP/src/core/ipv4/dhcp.o
 .text.dhcp_parse_reply
                0x000000000800c608      0x580 Middlewares/Third_Party/LwIP/src/core/ipv4/dhcp.o
 .text.dhcp_recv
                0x000000000800cb88      0x1c4 Middlewares/Third_Party/LwIP/src/core/ipv4/dhcp.o
 .text.dhcp_create_msg
                0x000000000800cd4c      0x2c4 Middlewares/Third_Party/LwIP/src/core/ipv4/dhcp.o
 .text.dhcp_delete_msg
                0x000000000800d010       0x84 Middlewares/Third_Party/LwIP/src/core/ipv4/dhcp.o
 .text.dhcp_option_trailer
                0x000000000800d094       0xb4 Middlewares/Third_Party/LwIP/src/core/ipv4/dhcp.o
 .text.dhcp_supplied_address
                0x000000000800d148       0x4c Middlewares/Third_Party/LwIP/src/core/ipv4/dhcp.o
                0x000000000800d148                dhcp_supplied_address
 .text.etharp_free_entry
                0x000000000800d194       0x64 Middlewares/Third_Party/LwIP/src/core/ipv4/etharp.o
 .text.etharp_tmr
                0x000000000800d1f8      0x150 Middlewares/Third_Party/LwIP/src/core/ipv4/etharp.o
                0x000000000800d1f8                etharp_tmr
 .text.etharp_find_entry
                0x000000000800d348      0x294 Middlewares/Third_Party/LwIP/src/core/ipv4/etharp.o
 .text.etharp_update_arp_entry
                0x000000000800d5dc      0x14c Middlewares/Third_Party/LwIP/src/core/ipv4/etharp.o
 .text.etharp_cleanup_netif
                0x000000000800d728       0x60 Middlewares/Third_Party/LwIP/src/core/ipv4/etharp.o
                0x000000000800d728                etharp_cleanup_netif
 .text.etharp_input
                0x000000000800d788      0x11c Middlewares/Third_Party/LwIP/src/core/ipv4/etharp.o
                0x000000000800d788                etharp_input
 .text.etharp_output_to_arp_index
                0x000000000800d8a4      0x134 Middlewares/Third_Party/LwIP/src/core/ipv4/etharp.o
 .text.etharp_output
                0x000000000800d9d8      0x1dc Middlewares/Third_Party/LwIP/src/core/ipv4/etharp.o
                0x000000000800d9d8                etharp_output
 .text.etharp_query
                0x000000000800dbb4      0x294 Middlewares/Third_Party/LwIP/src/core/ipv4/etharp.o
                0x000000000800dbb4                etharp_query
 .text.etharp_raw
                0x000000000800de48      0x118 Middlewares/Third_Party/LwIP/src/core/ipv4/etharp.o
 .text.etharp_request_dst
                0x000000000800df60       0x44 Middlewares/Third_Party/LwIP/src/core/ipv4/etharp.o
 .text.etharp_request
                0x000000000800dfa4       0x24 Middlewares/Third_Party/LwIP/src/core/ipv4/etharp.o
                0x000000000800dfa4                etharp_request
 .text.icmp_input
                0x000000000800dfc8      0x20c Middlewares/Third_Party/LwIP/src/core/ipv4/icmp.o
                0x000000000800dfc8                icmp_input
 .text.icmp_dest_unreach
                0x000000000800e1d4       0x20 Middlewares/Third_Party/LwIP/src/core/ipv4/icmp.o
                0x000000000800e1d4                icmp_dest_unreach
 .text.icmp_time_exceeded
                0x000000000800e1f4       0x20 Middlewares/Third_Party/LwIP/src/core/ipv4/icmp.o
                0x000000000800e1f4                icmp_time_exceeded
 .text.icmp_send_response
                0x000000000800e214       0xd0 Middlewares/Third_Party/LwIP/src/core/ipv4/icmp.o
 .text.igmp_init
                0x000000000800e2e4       0x2c Middlewares/Third_Party/LwIP/src/core/ipv4/igmp.o
                0x000000000800e2e4                igmp_init
 .text.igmp_start
                0x000000000800e310       0x54 Middlewares/Third_Party/LwIP/src/core/ipv4/igmp.o
                0x000000000800e310                igmp_start
 .text.igmp_report_groups
                0x000000000800e364       0x38 Middlewares/Third_Party/LwIP/src/core/ipv4/igmp.o
                0x000000000800e364                igmp_report_groups
 .text.igmp_lookfor_group
                0x000000000800e39c       0x3c Middlewares/Third_Party/LwIP/src/core/ipv4/igmp.o
                0x000000000800e39c                igmp_lookfor_group
 .text.igmp_lookup_group
                0x000000000800e3d8       0xd0 Middlewares/Third_Party/LwIP/src/core/ipv4/igmp.o
 .text.igmp_input
                0x000000000800e4a8      0x134 Middlewares/Third_Party/LwIP/src/core/ipv4/igmp.o
                0x000000000800e4a8                igmp_input
 .text.igmp_tmr
                0x000000000800e5dc       0x60 Middlewares/Third_Party/LwIP/src/core/ipv4/igmp.o
                0x000000000800e5dc                igmp_tmr
 .text.igmp_timeout
                0x000000000800e63c       0x3c Middlewares/Third_Party/LwIP/src/core/ipv4/igmp.o
 .text.igmp_start_timer
                0x000000000800e678       0x46 Middlewares/Third_Party/LwIP/src/core/ipv4/igmp.o
 .text.igmp_delaying_member
                0x000000000800e6be       0x48 Middlewares/Third_Party/LwIP/src/core/ipv4/igmp.o
 .text.igmp_ip_output_if
                0x000000000800e706       0x44 Middlewares/Third_Party/LwIP/src/core/ipv4/igmp.o
 *fill*         0x000000000800e74a        0x2 
 .text.igmp_send
                0x000000000800e74c       0xe8 Middlewares/Third_Party/LwIP/src/core/ipv4/igmp.o
 .text.ip4_route
                0x000000000800e834       0xec Middlewares/Third_Party/LwIP/src/core/ipv4/ip4.o
                0x000000000800e834                ip4_route
 .text.ip4_input
                0x000000000800e920      0x33c Middlewares/Third_Party/LwIP/src/core/ipv4/ip4.o
                0x000000000800e920                ip4_input
 .text.ip4_output_if
                0x000000000800ec5c       0x3a Middlewares/Third_Party/LwIP/src/core/ipv4/ip4.o
                0x000000000800ec5c                ip4_output_if
 .text.ip4_output_if_opt
                0x000000000800ec96       0x5c Middlewares/Third_Party/LwIP/src/core/ipv4/ip4.o
                0x000000000800ec96                ip4_output_if_opt
 .text.ip4_output_if_src
                0x000000000800ecf2       0x3a Middlewares/Third_Party/LwIP/src/core/ipv4/ip4.o
                0x000000000800ecf2                ip4_output_if_src
 .text.ip4_output_if_opt_src
                0x000000000800ed2c      0x1b8 Middlewares/Third_Party/LwIP/src/core/ipv4/ip4.o
                0x000000000800ed2c                ip4_output_if_opt_src
 .text.ip4_debug_print
                0x000000000800eee4       0x1a Middlewares/Third_Party/LwIP/src/core/ipv4/ip4.o
                0x000000000800eee4                ip4_debug_print
 .text.ip4_addr_isbroadcast_u32
                0x000000000800eefe       0x82 Middlewares/Third_Party/LwIP/src/core/ipv4/ip4_addr.o
                0x000000000800eefe                ip4_addr_isbroadcast_u32
 .text.ip_reass_tmr
                0x000000000800ef80       0x58 Middlewares/Third_Party/LwIP/src/core/ipv4/ip4_frag.o
                0x000000000800ef80                ip_reass_tmr
 .text.ip_reass_free_complete_datagram
                0x000000000800efd8      0x148 Middlewares/Third_Party/LwIP/src/core/ipv4/ip4_frag.o
 .text.ip_reass_remove_oldest_datagram
                0x000000000800f120       0xc4 Middlewares/Third_Party/LwIP/src/core/ipv4/ip4_frag.o
 .text.ip_reass_enqueue_new_datagram
                0x000000000800f1e4       0x74 Middlewares/Third_Party/LwIP/src/core/ipv4/ip4_frag.o
 .text.ip_reass_dequeue_datagram
                0x000000000800f258       0x5c Middlewares/Third_Party/LwIP/src/core/ipv4/ip4_frag.o
 .text.ip_reass_chain_frag_into_datagram_and_validate
                0x000000000800f2b4      0x2d0 Middlewares/Third_Party/LwIP/src/core/ipv4/ip4_frag.o
 .text.ip4_reass
                0x000000000800f584      0x2a0 Middlewares/Third_Party/LwIP/src/core/ipv4/ip4_frag.o
                0x000000000800f584                ip4_reass
 .text.ip_frag_alloc_pbuf_custom_ref
                0x000000000800f824       0x10 Middlewares/Third_Party/LwIP/src/core/ipv4/ip4_frag.o
 .text.ip_frag_free_pbuf_custom_ref
                0x000000000800f834       0x38 Middlewares/Third_Party/LwIP/src/core/ipv4/ip4_frag.o
 .text.ipfrag_free_pbuf_custom
                0x000000000800f86c       0x68 Middlewares/Third_Party/LwIP/src/core/ipv4/ip4_frag.o
 .text.ip4_frag
                0x000000000800f8d4      0x23c Middlewares/Third_Party/LwIP/src/core/ipv4/ip4_frag.o
                0x000000000800f8d4                ip4_frag
 .text.plug_holes
                0x000000000800fb10      0x130 Middlewares/Third_Party/LwIP/src/core/mem.o
 .text.mem_init
                0x000000000800fc40       0xa0 Middlewares/Third_Party/LwIP/src/core/mem.o
                0x000000000800fc40                mem_init
 .text.mem_free
                0x000000000800fce0       0xdc Middlewares/Third_Party/LwIP/src/core/mem.o
                0x000000000800fce0                mem_free
 .text.mem_trim
                0x000000000800fdbc      0x1d4 Middlewares/Third_Party/LwIP/src/core/mem.o
                0x000000000800fdbc                mem_trim
 .text.mem_malloc
                0x000000000800ff90      0x1e8 Middlewares/Third_Party/LwIP/src/core/mem.o
                0x000000000800ff90                mem_malloc
 .text.memp_init_pool
                0x0000000008010178       0x5e Middlewares/Third_Party/LwIP/src/core/memp.o
                0x0000000008010178                memp_init_pool
 *fill*         0x00000000080101d6        0x2 
 .text.memp_init
                0x00000000080101d8       0x34 Middlewares/Third_Party/LwIP/src/core/memp.o
                0x00000000080101d8                memp_init
 .text.do_memp_malloc_pool
                0x000000000801020c       0x64 Middlewares/Third_Party/LwIP/src/core/memp.o
 .text.memp_malloc
                0x0000000008010270       0x4c Middlewares/Third_Party/LwIP/src/core/memp.o
                0x0000000008010270                memp_malloc
 .text.do_memp_free_pool
                0x00000000080102bc       0x58 Middlewares/Third_Party/LwIP/src/core/memp.o
 .text.memp_free
                0x0000000008010314       0x54 Middlewares/Third_Party/LwIP/src/core/memp.o
                0x0000000008010314                memp_free
 .text.netif_init
                0x0000000008010368        0xe Middlewares/Third_Party/LwIP/src/core/netif.o
                0x0000000008010368                netif_init
 *fill*         0x0000000008010376        0x2 
 .text.netif_add
                0x0000000008010378       0xd8 Middlewares/Third_Party/LwIP/src/core/netif.o
                0x0000000008010378                netif_add
 .text.netif_set_addr
                0x0000000008010450       0x56 Middlewares/Third_Party/LwIP/src/core/netif.o
                0x0000000008010450                netif_set_addr
 *fill*         0x00000000080104a6        0x2 
 .text.netif_set_ipaddr
                0x00000000080104a8       0x70 Middlewares/Third_Party/LwIP/src/core/netif.o
                0x00000000080104a8                netif_set_ipaddr
 .text.netif_set_gw
                0x0000000008010518       0x28 Middlewares/Third_Party/LwIP/src/core/netif.o
                0x0000000008010518                netif_set_gw
 .text.netif_set_netmask
                0x0000000008010540       0x28 Middlewares/Third_Party/LwIP/src/core/netif.o
                0x0000000008010540                netif_set_netmask
 .text.netif_set_default
                0x0000000008010568       0x20 Middlewares/Third_Party/LwIP/src/core/netif.o
                0x0000000008010568                netif_set_default
 .text.netif_set_up
                0x0000000008010588       0x46 Middlewares/Third_Party/LwIP/src/core/netif.o
                0x0000000008010588                netif_set_up
 .text.netif_issue_reports
                0x00000000080105ce       0x56 Middlewares/Third_Party/LwIP/src/core/netif.o
 .text.netif_set_down
                0x0000000008010624       0x44 Middlewares/Third_Party/LwIP/src/core/netif.o
                0x0000000008010624                netif_set_down
 .text.pbuf_free_ooseq
                0x0000000008010668       0x54 Middlewares/Third_Party/LwIP/src/core/pbuf.o
 .text.pbuf_free_ooseq_callback
                0x00000000080106bc       0x14 Middlewares/Third_Party/LwIP/src/core/pbuf.o
 .text.pbuf_pool_is_empty
                0x00000000080106d0       0x58 Middlewares/Third_Party/LwIP/src/core/pbuf.o
 .text.pbuf_alloc
                0x0000000008010728      0x328 Middlewares/Third_Party/LwIP/src/core/pbuf.o
                0x0000000008010728                pbuf_alloc
 .text.pbuf_alloced_custom
                0x0000000008010a50       0xd4 Middlewares/Third_Party/LwIP/src/core/pbuf.o
                0x0000000008010a50                pbuf_alloced_custom
 .text.pbuf_realloc
                0x0000000008010b24      0x15c Middlewares/Third_Party/LwIP/src/core/pbuf.o
                0x0000000008010b24                pbuf_realloc
 .text.pbuf_header_impl
                0x0000000008010c80      0x144 Middlewares/Third_Party/LwIP/src/core/pbuf.o
 .text.pbuf_header
                0x0000000008010dc4       0x24 Middlewares/Third_Party/LwIP/src/core/pbuf.o
                0x0000000008010dc4                pbuf_header
 .text.pbuf_header_force
                0x0000000008010de8       0x24 Middlewares/Third_Party/LwIP/src/core/pbuf.o
                0x0000000008010de8                pbuf_header_force
 .text.pbuf_free
                0x0000000008010e0c      0x134 Middlewares/Third_Party/LwIP/src/core/pbuf.o
                0x0000000008010e0c                pbuf_free
 .text.pbuf_clen
                0x0000000008010f40       0x2e Middlewares/Third_Party/LwIP/src/core/pbuf.o
                0x0000000008010f40                pbuf_clen
 *fill*         0x0000000008010f6e        0x2 
 .text.pbuf_ref
                0x0000000008010f70       0x50 Middlewares/Third_Party/LwIP/src/core/pbuf.o
                0x0000000008010f70                pbuf_ref
 .text.pbuf_cat
                0x0000000008010fc0       0xac Middlewares/Third_Party/LwIP/src/core/pbuf.o
                0x0000000008010fc0                pbuf_cat
 .text.pbuf_chain
                0x000000000801106c       0x20 Middlewares/Third_Party/LwIP/src/core/pbuf.o
                0x000000000801106c                pbuf_chain
 .text.pbuf_copy
                0x000000000801108c      0x198 Middlewares/Third_Party/LwIP/src/core/pbuf.o
                0x000000000801108c                pbuf_copy
 .text.pbuf_copy_partial
                0x0000000008011224       0xf4 Middlewares/Third_Party/LwIP/src/core/pbuf.o
                0x0000000008011224                pbuf_copy_partial
 .text.pbuf_skip_const
                0x0000000008011318       0x52 Middlewares/Third_Party/LwIP/src/core/pbuf.o
 .text.pbuf_skip
                0x000000000801136a       0x26 Middlewares/Third_Party/LwIP/src/core/pbuf.o
                0x000000000801136a                pbuf_skip
 .text.pbuf_take
                0x0000000008011390      0x124 Middlewares/Third_Party/LwIP/src/core/pbuf.o
                0x0000000008011390                pbuf_take
 .text.pbuf_take_at
                0x00000000080114b4       0xa4 Middlewares/Third_Party/LwIP/src/core/pbuf.o
                0x00000000080114b4                pbuf_take_at
 .text.pbuf_put_at
                0x0000000008011558       0x44 Middlewares/Third_Party/LwIP/src/core/pbuf.o
                0x0000000008011558                pbuf_put_at
 .text.tcp_init
                0x000000000801159c        0xe Middlewares/Third_Party/LwIP/src/core/tcp.o
                0x000000000801159c                tcp_init
 *fill*         0x00000000080115aa        0x2 
 .text.tcp_tmr  0x00000000080115ac       0x2c Middlewares/Third_Party/LwIP/src/core/tcp.o
                0x00000000080115ac                tcp_tmr
 .text.tcp_remove_listener
                0x00000000080115d8       0x38 Middlewares/Third_Party/LwIP/src/core/tcp.o
 .text.tcp_listen_closed
                0x0000000008011610       0x70 Middlewares/Third_Party/LwIP/src/core/tcp.o
 .text.tcp_close_shutdown
                0x0000000008011680      0x1cc Middlewares/Third_Party/LwIP/src/core/tcp.o
 .text.tcp_close_shutdown_fin
                0x000000000801184c       0xcc Middlewares/Third_Party/LwIP/src/core/tcp.o
 .text.tcp_close
                0x0000000008011918       0x3a Middlewares/Third_Party/LwIP/src/core/tcp.o
                0x0000000008011918                tcp_close
 .text.tcp_shutdown
                0x0000000008011952       0x8e Middlewares/Third_Party/LwIP/src/core/tcp.o
                0x0000000008011952                tcp_shutdown
 .text.tcp_abandon
                0x00000000080119e0      0x164 Middlewares/Third_Party/LwIP/src/core/tcp.o
                0x00000000080119e0                tcp_abandon
 .text.tcp_abort
                0x0000000008011b44       0x18 Middlewares/Third_Party/LwIP/src/core/tcp.o
                0x0000000008011b44                tcp_abort
 .text.tcp_bind
                0x0000000008011b5c      0x124 Middlewares/Third_Party/LwIP/src/core/tcp.o
                0x0000000008011b5c                tcp_bind
 .text.tcp_accept_null
                0x0000000008011c80       0x20 Middlewares/Third_Party/LwIP/src/core/tcp.o
 .text.tcp_listen_with_backlog_and_err
                0x0000000008011ca0      0x130 Middlewares/Third_Party/LwIP/src/core/tcp.o
                0x0000000008011ca0                tcp_listen_with_backlog_and_err
 .text.tcp_update_rcv_ann_wnd
                0x0000000008011dd0       0xa0 Middlewares/Third_Party/LwIP/src/core/tcp.o
                0x0000000008011dd0                tcp_update_rcv_ann_wnd
 .text.tcp_recved
                0x0000000008011e70       0xb4 Middlewares/Third_Party/LwIP/src/core/tcp.o
                0x0000000008011e70                tcp_recved
 .text.tcp_new_port
                0x0000000008011f24       0x88 Middlewares/Third_Party/LwIP/src/core/tcp.o
 .text.tcp_slowtmr
                0x0000000008011fac      0x580 Middlewares/Third_Party/LwIP/src/core/tcp.o
                0x0000000008011fac                tcp_slowtmr
 .text.tcp_fasttmr
                0x000000000801252c       0xc8 Middlewares/Third_Party/LwIP/src/core/tcp.o
                0x000000000801252c                tcp_fasttmr
 .text.tcp_process_refused_data
                0x00000000080125f4       0xd2 Middlewares/Third_Party/LwIP/src/core/tcp.o
                0x00000000080125f4                tcp_process_refused_data
 .text.tcp_segs_free
                0x00000000080126c6       0x28 Middlewares/Third_Party/LwIP/src/core/tcp.o
                0x00000000080126c6                tcp_segs_free
 .text.tcp_seg_free
                0x00000000080126ee       0x36 Middlewares/Third_Party/LwIP/src/core/tcp.o
                0x00000000080126ee                tcp_seg_free
 .text.tcp_seg_copy
                0x0000000008012724       0x38 Middlewares/Third_Party/LwIP/src/core/tcp.o
                0x0000000008012724                tcp_seg_copy
 .text.tcp_recv_null
                0x000000000801275c       0x44 Middlewares/Third_Party/LwIP/src/core/tcp.o
                0x000000000801275c                tcp_recv_null
 .text.tcp_kill_prio
                0x00000000080127a0       0x84 Middlewares/Third_Party/LwIP/src/core/tcp.o
 .text.tcp_kill_state
                0x0000000008012824       0x94 Middlewares/Third_Party/LwIP/src/core/tcp.o
 .text.tcp_kill_timewait
                0x00000000080128b8       0x60 Middlewares/Third_Party/LwIP/src/core/tcp.o
 .text.tcp_alloc
                0x0000000008012918      0x104 Middlewares/Third_Party/LwIP/src/core/tcp.o
                0x0000000008012918                tcp_alloc
 .text.tcp_new_ip_type
                0x0000000008012a1c       0x1c Middlewares/Third_Party/LwIP/src/core/tcp.o
                0x0000000008012a1c                tcp_new_ip_type
 .text.tcp_arg  0x0000000008012a38       0x22 Middlewares/Third_Party/LwIP/src/core/tcp.o
                0x0000000008012a38                tcp_arg
 *fill*         0x0000000008012a5a        0x2 
 .text.tcp_recv
                0x0000000008012a5c       0x44 Middlewares/Third_Party/LwIP/src/core/tcp.o
                0x0000000008012a5c                tcp_recv
 .text.tcp_sent
                0x0000000008012aa0       0x40 Middlewares/Third_Party/LwIP/src/core/tcp.o
                0x0000000008012aa0                tcp_sent
 .text.tcp_err  0x0000000008012ae0       0x44 Middlewares/Third_Party/LwIP/src/core/tcp.o
                0x0000000008012ae0                tcp_err
 .text.tcp_accept
                0x0000000008012b24       0x2e Middlewares/Third_Party/LwIP/src/core/tcp.o
                0x0000000008012b24                tcp_accept
 *fill*         0x0000000008012b52        0x2 
 .text.tcp_poll
                0x0000000008012b54       0x48 Middlewares/Third_Party/LwIP/src/core/tcp.o
                0x0000000008012b54                tcp_poll
 .text.tcp_pcb_purge
                0x0000000008012b9c       0x82 Middlewares/Third_Party/LwIP/src/core/tcp.o
                0x0000000008012b9c                tcp_pcb_purge
 *fill*         0x0000000008012c1e        0x2 
 .text.tcp_pcb_remove
                0x0000000008012c20      0x114 Middlewares/Third_Party/LwIP/src/core/tcp.o
                0x0000000008012c20                tcp_pcb_remove
 .text.tcp_next_iss
                0x0000000008012d34       0x30 Middlewares/Third_Party/LwIP/src/core/tcp.o
                0x0000000008012d34                tcp_next_iss
 .text.tcp_eff_send_mss_impl
                0x0000000008012d64       0x48 Middlewares/Third_Party/LwIP/src/core/tcp.o
                0x0000000008012d64                tcp_eff_send_mss_impl
 .text.tcp_netif_ip_addr_changed_pcblist
                0x0000000008012dac       0x42 Middlewares/Third_Party/LwIP/src/core/tcp.o
 *fill*         0x0000000008012dee        0x2 
 .text.tcp_netif_ip_addr_changed
                0x0000000008012df0       0x80 Middlewares/Third_Party/LwIP/src/core/tcp.o
                0x0000000008012df0                tcp_netif_ip_addr_changed
 .text.tcp_debug_print_state
                0x0000000008012e70       0x16 Middlewares/Third_Party/LwIP/src/core/tcp.o
                0x0000000008012e70                tcp_debug_print_state
 *fill*         0x0000000008012e86        0x2 
 .text.tcp_pcbs_sane
                0x0000000008012e88       0xb0 Middlewares/Third_Party/LwIP/src/core/tcp.o
                0x0000000008012e88                tcp_pcbs_sane
 .text.tcp_input
                0x0000000008012f38      0x79c Middlewares/Third_Party/LwIP/src/core/tcp_in.o
                0x0000000008012f38                tcp_input
 .text.tcp_input_delayed_close
                0x00000000080136d4       0x64 Middlewares/Third_Party/LwIP/src/core/tcp_in.o
 .text.tcp_listen_input
                0x0000000008013738      0x1c4 Middlewares/Third_Party/LwIP/src/core/tcp_in.o
 .text.tcp_timewait_input
                0x00000000080138fc       0xd0 Middlewares/Third_Party/LwIP/src/core/tcp_in.o
 .text.tcp_process
                0x00000000080139cc      0x774 Middlewares/Third_Party/LwIP/src/core/tcp_in.o
 .text.tcp_oos_insert_segment
                0x0000000008014140       0xec Middlewares/Third_Party/LwIP/src/core/tcp_in.o
 .text.tcp_receive
                0x000000000801422c      0xff4 Middlewares/Third_Party/LwIP/src/core/tcp_in.o
 .text.tcp_getoptbyte
                0x0000000008015220       0x78 Middlewares/Third_Party/LwIP/src/core/tcp_in.o
 .text.tcp_parseopt
                0x0000000008015298       0xc8 Middlewares/Third_Party/LwIP/src/core/tcp_in.o
 .text.tcp_trigger_input_pcb_close
                0x0000000008015360       0x20 Middlewares/Third_Party/LwIP/src/core/tcp_in.o
                0x0000000008015360                tcp_trigger_input_pcb_close
 .text.tcp_output_alloc_header
                0x0000000008015380       0xf8 Middlewares/Third_Party/LwIP/src/core/tcp_out.o
 .text.tcp_send_fin
                0x0000000008015478       0x7c Middlewares/Third_Party/LwIP/src/core/tcp_out.o
                0x0000000008015478                tcp_send_fin
 .text.tcp_create_segment
                0x00000000080154f4      0x114 Middlewares/Third_Party/LwIP/src/core/tcp_out.o
 .text.tcp_pbuf_prealloc
                0x0000000008015608       0xc4 Middlewares/Third_Party/LwIP/src/core/tcp_out.o
 .text.tcp_write_checks
                0x00000000080156cc       0xec Middlewares/Third_Party/LwIP/src/core/tcp_out.o
 .text.tcp_write
                0x00000000080157b8      0x6b8 Middlewares/Third_Party/LwIP/src/core/tcp_out.o
                0x00000000080157b8                tcp_write
 .text.tcp_enqueue_flags
                0x0000000008015e70      0x1fc Middlewares/Third_Party/LwIP/src/core/tcp_out.o
                0x0000000008015e70                tcp_enqueue_flags
 .text.tcp_send_empty_ack
                0x000000000801606c       0xb8 Middlewares/Third_Party/LwIP/src/core/tcp_out.o
                0x000000000801606c                tcp_send_empty_ack
 .text.tcp_output
                0x0000000008016124      0x3d0 Middlewares/Third_Party/LwIP/src/core/tcp_out.o
                0x0000000008016124                tcp_output
 .text.tcp_output_segment
                0x00000000080164f4      0x140 Middlewares/Third_Party/LwIP/src/core/tcp_out.o
 .text.tcp_rst  0x0000000008016634       0xec Middlewares/Third_Party/LwIP/src/core/tcp_out.o
                0x0000000008016634                tcp_rst
 .text.tcp_rexmit_rto
                0x0000000008016720       0x6c Middlewares/Third_Party/LwIP/src/core/tcp_out.o
                0x0000000008016720                tcp_rexmit_rto
 .text.tcp_rexmit
                0x000000000801678c       0xa0 Middlewares/Third_Party/LwIP/src/core/tcp_out.o
                0x000000000801678c                tcp_rexmit
 .text.tcp_rexmit_fast
                0x000000000801682c       0xae Middlewares/Third_Party/LwIP/src/core/tcp_out.o
                0x000000000801682c                tcp_rexmit_fast
 .text.tcp_keepalive
                0x00000000080168da       0x7a Middlewares/Third_Party/LwIP/src/core/tcp_out.o
                0x00000000080168da                tcp_keepalive
 .text.tcp_zero_window_probe
                0x0000000008016954      0x138 Middlewares/Third_Party/LwIP/src/core/tcp_out.o
                0x0000000008016954                tcp_zero_window_probe
 .text.tcpip_tcp_timer
                0x0000000008016a8c       0x48 Middlewares/Third_Party/LwIP/src/core/timeouts.o
 .text.tcp_timer_needed
                0x0000000008016ad4       0x40 Middlewares/Third_Party/LwIP/src/core/timeouts.o
                0x0000000008016ad4                tcp_timer_needed
 .text.cyclic_timer
                0x0000000008016b14       0x2c Middlewares/Third_Party/LwIP/src/core/timeouts.o
 .text.sys_timeouts_init
                0x0000000008016b40       0x50 Middlewares/Third_Party/LwIP/src/core/timeouts.o
                0x0000000008016b40                sys_timeouts_init
 .text.sys_timeout
                0x0000000008016b90      0x148 Middlewares/Third_Party/LwIP/src/core/timeouts.o
                0x0000000008016b90                sys_timeout
 .text.sys_check_timeouts
                0x0000000008016cd8       0xa4 Middlewares/Third_Party/LwIP/src/core/timeouts.o
 .text.sys_timeouts_sleeptime
                0x0000000008016d7c       0x4c Middlewares/Third_Party/LwIP/src/core/timeouts.o
 .text.sys_timeouts_mbox_fetch
                0x0000000008016dc8       0x4c Middlewares/Third_Party/LwIP/src/core/timeouts.o
                0x0000000008016dc8                sys_timeouts_mbox_fetch
 .text.udp_init
                0x0000000008016e14        0xe Middlewares/Third_Party/LwIP/src/core/udp.o
                0x0000000008016e14                udp_init
 *fill*         0x0000000008016e22        0x2 
 .text.udp_new_port
                0x0000000008016e24       0x70 Middlewares/Third_Party/LwIP/src/core/udp.o
 .text.udp_input_local_match
                0x0000000008016e94       0x78 Middlewares/Third_Party/LwIP/src/core/udp.o
 .text.udp_input
                0x0000000008016f0c      0x1d4 Middlewares/Third_Party/LwIP/src/core/udp.o
                0x0000000008016f0c                udp_input
 .text.udp_sendto
                0x00000000080170e0       0x80 Middlewares/Third_Party/LwIP/src/core/udp.o
                0x00000000080170e0                udp_sendto
 .text.udp_sendto_if
                0x0000000008017160       0x7a Middlewares/Third_Party/LwIP/src/core/udp.o
                0x0000000008017160                udp_sendto_if
 *fill*         0x00000000080171da        0x2 
 .text.udp_sendto_if_src
                0x00000000080171dc      0x16c Middlewares/Third_Party/LwIP/src/core/udp.o
                0x00000000080171dc                udp_sendto_if_src
 .text.udp_bind
                0x0000000008017348       0xe0 Middlewares/Third_Party/LwIP/src/core/udp.o
                0x0000000008017348                udp_bind
 .text.udp_connect
                0x0000000008017428       0xac Middlewares/Third_Party/LwIP/src/core/udp.o
                0x0000000008017428                udp_connect
 .text.udp_recv
                0x00000000080174d4       0x24 Middlewares/Third_Party/LwIP/src/core/udp.o
                0x00000000080174d4                udp_recv
 .text.udp_remove
                0x00000000080174f8       0x64 Middlewares/Third_Party/LwIP/src/core/udp.o
                0x00000000080174f8                udp_remove
 .text.udp_new  0x000000000801755c       0x34 Middlewares/Third_Party/LwIP/src/core/udp.o
                0x000000000801755c                udp_new
 .text.udp_new_ip_type
                0x0000000008017590       0x1a Middlewares/Third_Party/LwIP/src/core/udp.o
                0x0000000008017590                udp_new_ip_type
 *fill*         0x00000000080175aa        0x2 
 .text.udp_netif_ip_addr_changed
                0x00000000080175ac       0x60 Middlewares/Third_Party/LwIP/src/core/udp.o
                0x00000000080175ac                udp_netif_ip_addr_changed
 .text.udp_debug_print
                0x000000000801760c       0x14 Middlewares/Third_Party/LwIP/src/core/udp.o
                0x000000000801760c                udp_debug_print
 .text.ethernet_input
                0x0000000008017620      0x124 Middlewares/Third_Party/LwIP/src/netif/ethernet.o
                0x0000000008017620                ethernet_input
 .text.ethernet_output
                0x0000000008017744       0x90 Middlewares/Third_Party/LwIP/src/netif/ethernet.o
                0x0000000008017744                ethernet_output
 .text.sys_mbox_new
                0x00000000080177d4       0x44 Middlewares/Third_Party/LwIP/system/OS/sys_arch.o
                0x00000000080177d4                sys_mbox_new
 .text.sys_mbox_free
                0x0000000008017818       0x24 Middlewares/Third_Party/LwIP/system/OS/sys_arch.o
                0x0000000008017818                sys_mbox_free
 .text.sys_mbox_post
                0x000000000801783c       0x2a Middlewares/Third_Party/LwIP/system/OS/sys_arch.o
                0x000000000801783c                sys_mbox_post
 .text.sys_mbox_trypost
                0x0000000008017866       0x34 Middlewares/Third_Party/LwIP/system/OS/sys_arch.o
                0x0000000008017866                sys_mbox_trypost
 .text.sys_arch_mbox_fetch
                0x000000000801789a       0x7e Middlewares/Third_Party/LwIP/system/OS/sys_arch.o
                0x000000000801789a                sys_arch_mbox_fetch
 .text.sys_arch_mbox_tryfetch
                0x0000000008017918       0x38 Middlewares/Third_Party/LwIP/system/OS/sys_arch.o
                0x0000000008017918                sys_arch_mbox_tryfetch
 .text.sys_mbox_valid
                0x0000000008017950       0x22 Middlewares/Third_Party/LwIP/system/OS/sys_arch.o
                0x0000000008017950                sys_mbox_valid
 .text.sys_mbox_set_invalid
                0x0000000008017972       0x1a Middlewares/Third_Party/LwIP/system/OS/sys_arch.o
                0x0000000008017972                sys_mbox_set_invalid
 .text.sys_sem_new
                0x000000000801798c       0x50 Middlewares/Third_Party/LwIP/system/OS/sys_arch.o
                0x000000000801798c                sys_sem_new
 .text.sys_arch_sem_wait
                0x00000000080179dc       0x62 Middlewares/Third_Party/LwIP/system/OS/sys_arch.o
                0x00000000080179dc                sys_arch_sem_wait
 .text.sys_sem_signal
                0x0000000008017a3e       0x1a Middlewares/Third_Party/LwIP/system/OS/sys_arch.o
                0x0000000008017a3e                sys_sem_signal
 .text.sys_sem_free
                0x0000000008017a58       0x1a Middlewares/Third_Party/LwIP/system/OS/sys_arch.o
                0x0000000008017a58                sys_sem_free
 .text.sys_sem_valid
                0x0000000008017a72       0x22 Middlewares/Third_Party/LwIP/system/OS/sys_arch.o
                0x0000000008017a72                sys_sem_valid
 .text.sys_sem_set_invalid
                0x0000000008017a94       0x1a Middlewares/Third_Party/LwIP/system/OS/sys_arch.o
                0x0000000008017a94                sys_sem_set_invalid
 *fill*         0x0000000008017aae        0x2 
 .text.sys_init
                0x0000000008017ab0       0x1c Middlewares/Third_Party/LwIP/system/OS/sys_arch.o
                0x0000000008017ab0                sys_init
 .text.sys_mutex_new
                0x0000000008017acc       0x38 Middlewares/Third_Party/LwIP/system/OS/sys_arch.o
                0x0000000008017acc                sys_mutex_new
 .text.sys_mutex_lock
                0x0000000008017b04       0x1e Middlewares/Third_Party/LwIP/system/OS/sys_arch.o
                0x0000000008017b04                sys_mutex_lock
 .text.sys_mutex_unlock
                0x0000000008017b22       0x1a Middlewares/Third_Party/LwIP/system/OS/sys_arch.o
                0x0000000008017b22                sys_mutex_unlock
 .text.sys_thread_new