ethernetif.c:89:6:HAL_ETH_MspInit	64	static
ethernetif.c:152:6:HAL_ETH_MspDeInit	16	static
ethernetif.c:195:6:HAL_ETH_RxCpltCallback	16	static
ethernetif.c:214:13:low_level_init	80	static
ethernetif.c:340:14:low_level_output	48	static
ethernetif.c:449:22:low_level_input	56	static
ethernetif.c:556:6:ethernetif_input	24	static
ethernetif.c:580:7:raw_sendto	40	static
ethernetif.c:654:7:ethernetif_init	16	static
ethernetif.c:701:7:sys_jiffies	8	static
ethernetif.c:712:7:sys_now	8	static
ethernetif.c:730:6:ethernetif_update_config	24	static
ethernetif.c:818:13:ethernetif_notify_conn_changed	16	static
